Component: Arm Compiler for Embedded 6.21 Tool: armlink [5ec1fa00]

==============================================================================

Section Cross References

    startup_stm32f407xx.o(STACK) refers (Special) to heapauxi.o(.text) for __use_two_region_memory
    startup_stm32f407xx.o(HEAP) refers (Special) to heapauxi.o(.text) for __use_two_region_memory
    startup_stm32f407xx.o(RESET) refers (Special) to heapauxi.o(.text) for __use_two_region_memory
    startup_stm32f407xx.o(RESET) refers to startup_stm32f407xx.o(STACK) for __initial_sp
    startup_stm32f407xx.o(RESET) refers to startup_stm32f407xx.o(.text) for Reset_Handler
    startup_stm32f407xx.o(RESET) refers to stm32f4xx_it.o(.text.NMI_Handler) for NMI_Handler
    startup_stm32f407xx.o(RESET) refers to stm32f4xx_it.o(.text.HardFault_Handler) for HardFault_Handler
    startup_stm32f407xx.o(RESET) refers to stm32f4xx_it.o(.text.MemManage_Handler) for MemManage_Handler
    startup_stm32f407xx.o(RESET) refers to stm32f4xx_it.o(.text.BusFault_Handler) for BusFault_Handler
    startup_stm32f407xx.o(RESET) refers to stm32f4xx_it.o(.text.UsageFault_Handler) for UsageFault_Handler
    startup_stm32f407xx.o(RESET) refers to stm32f4xx_it.o(.text.SVC_Handler) for SVC_Handler
    startup_stm32f407xx.o(RESET) refers to stm32f4xx_it.o(.text.DebugMon_Handler) for DebugMon_Handler
    startup_stm32f407xx.o(RESET) refers to stm32f4xx_it.o(.text.PendSV_Handler) for PendSV_Handler
    startup_stm32f407xx.o(RESET) refers to stm32f4xx_it.o(.text.SysTick_Handler) for SysTick_Handler
    startup_stm32f407xx.o(RESET) refers to usart.o(.text.USART1_IRQHandler) for USART1_IRQHandler
    startup_stm32f407xx.o(.text) refers (Special) to heapauxi.o(.text) for __use_two_region_memory
    startup_stm32f407xx.o(.text) refers to system_stm32f4xx.o(.text.SystemInit) for SystemInit
    startup_stm32f407xx.o(.text) refers to __main.o(!!!main) for __main
    startup_stm32f407xx.o(.text) refers to startup_stm32f407xx.o(HEAP) for Heap_Mem
    startup_stm32f407xx.o(.text) refers to startup_stm32f407xx.o(STACK) for Stack_Mem
    main.o(.text.main) refers to stm32f4xx_hal.o(.text.HAL_Init) for HAL_Init
    main.o(.text.main) refers to sys.o(.text.sys_stm32_clock_init) for sys_stm32_clock_init
    main.o(.text.main) refers to delay.o(.text.delay_init) for delay_init
    main.o(.text.main) refers to usart.o(.text.usart_init) for usart_init
    main.o(.text.main) refers to led.o(.text.led_init) for led_init
    main.o(.text.main) refers to lcd.o(.text.lcd_init) for lcd_init
    main.o(.text.main) refers to usart.o(.bss.uart_data) for uart_data
    main.o(.text.main) refers to lcd.o(.text.lcd_show_num) for lcd_show_num
    main.o(.text.main) refers to stm32f4xx_hal_gpio.o(.text.HAL_GPIO_TogglePin) for HAL_GPIO_TogglePin
    main.o(.text.main) refers to delay.o(.text.delay_ms) for delay_ms
    main.o(.text.main) refers to lcd.o(.text.lcd_clear) for lcd_clear
    main.o(.ARM.exidx.text.main) refers to main.o(.text.main) for [Anonymous Symbol]
    stm32f4xx_it.o(.ARM.exidx.text.NMI_Handler) refers to stm32f4xx_it.o(.text.NMI_Handler) for [Anonymous Symbol]
    stm32f4xx_it.o(.ARM.exidx.text.HardFault_Handler) refers to stm32f4xx_it.o(.text.HardFault_Handler) for [Anonymous Symbol]
    stm32f4xx_it.o(.ARM.exidx.text.MemManage_Handler) refers to stm32f4xx_it.o(.text.MemManage_Handler) for [Anonymous Symbol]
    stm32f4xx_it.o(.ARM.exidx.text.BusFault_Handler) refers to stm32f4xx_it.o(.text.BusFault_Handler) for [Anonymous Symbol]
    stm32f4xx_it.o(.ARM.exidx.text.UsageFault_Handler) refers to stm32f4xx_it.o(.text.UsageFault_Handler) for [Anonymous Symbol]
    stm32f4xx_it.o(.ARM.exidx.text.SVC_Handler) refers to stm32f4xx_it.o(.text.SVC_Handler) for [Anonymous Symbol]
    stm32f4xx_it.o(.ARM.exidx.text.DebugMon_Handler) refers to stm32f4xx_it.o(.text.DebugMon_Handler) for [Anonymous Symbol]
    stm32f4xx_it.o(.ARM.exidx.text.PendSV_Handler) refers to stm32f4xx_it.o(.text.PendSV_Handler) for [Anonymous Symbol]
    stm32f4xx_it.o(.text.SysTick_Handler) refers to stm32f4xx_hal.o(.text.HAL_IncTick) for HAL_IncTick
    stm32f4xx_it.o(.ARM.exidx.text.SysTick_Handler) refers to stm32f4xx_it.o(.text.SysTick_Handler) for [Anonymous Symbol]
    system_stm32f4xx.o(.ARM.exidx.text.SystemInit) refers to system_stm32f4xx.o(.text.SystemInit) for [Anonymous Symbol]
    system_stm32f4xx.o(.text.SystemCoreClockUpdate) refers to system_stm32f4xx.o(.data.SystemCoreClock) for SystemCoreClock
    system_stm32f4xx.o(.text.SystemCoreClockUpdate) refers to system_stm32f4xx.o(.rodata.AHBPrescTable) for AHBPrescTable
    system_stm32f4xx.o(.ARM.exidx.text.SystemCoreClockUpdate) refers to system_stm32f4xx.o(.text.SystemCoreClockUpdate) for [Anonymous Symbol]
    delay.o(.text.delay_init) refers to delay.o(.bss.g_fac_us) for g_fac_us
    delay.o(.ARM.exidx.text.delay_init) refers to delay.o(.text.delay_init) for [Anonymous Symbol]
    delay.o(.text.delay_us) refers to delay.o(.bss.g_fac_us) for g_fac_us
[...]
    Removing stm32f4xx_hal_sram.o(.text.HAL_SRAM_DeInit), (30 bytes).
    Removing stm32f4xx_hal_sram.o(.ARM.exidx.text.HAL_SRAM_DeInit), (8 bytes).
    Removing stm32f4xx_hal_sram.o(.text.HAL_SRAM_MspDeInit), (2 bytes).
    Removing stm32f4xx_hal_sram.o(.ARM.exidx.text.HAL_SRAM_MspDeInit), (8 bytes).
    Removing stm32f4xx_hal_sram.o(.text.HAL_SRAM_DMA_XferCpltCallback), (2 bytes).
    Removing stm32f4xx_hal_sram.o(.ARM.exidx.text.HAL_SRAM_DMA_XferCpltCallback), (8 bytes).
    Removing stm32f4xx_hal_sram.o(.text.HAL_SRAM_DMA_XferErrorCallback), (2 bytes).
    Removing stm32f4xx_hal_sram.o(.ARM.exidx.text.HAL_SRAM_DMA_XferErrorCallback), (8 bytes).
    Removing stm32f4xx_hal_sram.o(.text.HAL_SRAM_Read_8b), (156 bytes).
    Removing stm32f4xx_hal_sram.o(.ARM.exidx.text.HAL_SRAM_Read_8b), (8 bytes).
    Removing stm32f4xx_hal_sram.o(.text.HAL_SRAM_Write_8b), (170 bytes).
    Removing stm32f4xx_hal_sram.o(.ARM.exidx.text.HAL_SRAM_Write_8b), (8 bytes).
    Removing stm32f4xx_hal_sram.o(.text.HAL_SRAM_Read_16b), (154 bytes).
    Removing stm32f4xx_hal_sram.o(.ARM.exidx.text.HAL_SRAM_Read_16b), (8 bytes).
    Removing stm32f4xx_hal_sram.o(.text.HAL_SRAM_Write_16b), (172 bytes).
    Removing stm32f4xx_hal_sram.o(.ARM.exidx.text.HAL_SRAM_Write_16b), (8 bytes).
    Removing stm32f4xx_hal_sram.o(.text.HAL_SRAM_Read_32b), (164 bytes).
    Removing stm32f4xx_hal_sram.o(.ARM.exidx.text.HAL_SRAM_Read_32b), (8 bytes).
    Removing stm32f4xx_hal_sram.o(.text.HAL_SRAM_Write_32b), (172 bytes).
    Removing stm32f4xx_hal_sram.o(.ARM.exidx.text.HAL_SRAM_Write_32b), (8 bytes).
    Removing stm32f4xx_hal_sram.o(.text.HAL_SRAM_Read_DMA), (66 bytes).
    Removing stm32f4xx_hal_sram.o(.ARM.exidx.text.HAL_SRAM_Read_DMA), (8 bytes).
    Removing stm32f4xx_hal_sram.o(.text.HAL_SRAM_Write_DMA), (84 bytes).
    Removing stm32f4xx_hal_sram.o(.ARM.exidx.text.HAL_SRAM_Write_DMA), (8 bytes).
    Removing stm32f4xx_hal_sram.o(.text.HAL_SRAM_WriteOperation_Enable), (42 bytes).
    Removing stm32f4xx_hal_sram.o(.ARM.exidx.text.HAL_SRAM_WriteOperation_Enable), (8 bytes).
    Removing stm32f4xx_hal_sram.o(.text.HAL_SRAM_WriteOperation_Disable), (50 bytes).
    Removing stm32f4xx_hal_sram.o(.ARM.exidx.text.HAL_SRAM_WriteOperation_Disable), (8 bytes).
    Removing stm32f4xx_hal_sram.o(.text.HAL_SRAM_GetState), (6 bytes).
    Removing stm32f4xx_hal_sram.o(.ARM.exidx.text.HAL_SRAM_GetState), (8 bytes).
    Removing stm32f4xx_ll_fsmc.o(.text), (0 bytes).
    Removing stm32f4xx_ll_fsmc.o(.ARM.exidx.text.FSMC_NORSRAM_Init), (8 bytes).
    Removing stm32f4xx_ll_fsmc.o(.text.FSMC_NORSRAM_DeInit), (48 bytes).
    Removing stm32f4xx_ll_fsmc.o(.ARM.exidx.text.FSMC_NORSRAM_DeInit), (8 bytes).
    Removing stm32f4xx_ll_fsmc.o(.ARM.exidx.text.FSMC_NORSRAM_Timing_Init), (8 bytes).
    Removing stm32f4xx_ll_fsmc.o(.ARM.exidx.text.FSMC_NORSRAM_Extended_Timing_Init), (8 bytes).
    Removing stm32f4xx_ll_fsmc.o(.text.FSMC_NORSRAM_WriteOperation_Enable), (18 bytes).
    Removing stm32f4xx_ll_fsmc.o(.ARM.exidx.text.FSMC_NORSRAM_WriteOperation_Enable), (8 bytes).
    Removing stm32f4xx_ll_fsmc.o(.text.FSMC_NORSRAM_WriteOperation_Disable), (18 bytes).
    Removing stm32f4xx_ll_fsmc.o(.ARM.exidx.text.FSMC_NORSRAM_WriteOperation_Disable), (8 bytes).
    Removing stm32f4xx_ll_fsmc.o(.text.FSMC_NAND_Init), (62 bytes).
    Removing stm32f4xx_ll_fsmc.o(.ARM.exidx.text.FSMC_NAND_Init), (8 bytes).
    Removing stm32f4xx_ll_fsmc.o(.text.FSMC_NAND_CommonSpace_Timing_Init), (42 bytes).
    Removing stm32f4xx_ll_fsmc.o(.ARM.exidx.text.FSMC_NAND_CommonSpace_Timing_Init), (8 bytes).
    Removing stm32f4xx_ll_fsmc.o(.text.FSMC_NAND_AttributeSpace_Timing_Init), (42 bytes).
    Removing stm32f4xx_ll_fsmc.o(.ARM.exidx.text.FSMC_NAND_AttributeSpace_Timing_Init), (8 bytes).
    Removing stm32f4xx_ll_fsmc.o(.text.FSMC_NAND_DeInit), (68 bytes).
    Removing stm32f4xx_ll_fsmc.o(.ARM.exidx.text.FSMC_NAND_DeInit), (8 bytes).
    Removing stm32f4xx_ll_fsmc.o(.text.FSMC_NAND_ECC_Enable), (20 bytes).
    Removing stm32f4xx_ll_fsmc.o(.ARM.exidx.text.FSMC_NAND_ECC_Enable), (8 bytes).
    Removing stm32f4xx_ll_fsmc.o(.text.FSMC_NAND_ECC_Disable), (20 bytes).
    Removing stm32f4xx_ll_fsmc.o(.ARM.exidx.text.FSMC_NAND_ECC_Disable), (8 bytes).
    Removing stm32f4xx_ll_fsmc.o(.text.FSMC_NAND_GetECC), (124 bytes).
    Removing stm32f4xx_ll_fsmc.o(.ARM.exidx.text.FSMC_NAND_GetECC), (8 bytes).
    Removing stm32f4xx_ll_fsmc.o(.text.FSMC_PCCARD_Init), (44 bytes).
    Removing stm32f4xx_ll_fsmc.o(.ARM.exidx.text.FSMC_PCCARD_Init), (8 bytes).
    Removing stm32f4xx_ll_fsmc.o(.text.FSMC_PCCARD_CommonSpace_Timing_Init), (30 bytes).
    Removing stm32f4xx_ll_fsmc.o(.ARM.exidx.text.FSMC_PCCARD_CommonSpace_Timing_Init), (8 bytes).
    Removing stm32f4xx_ll_fsmc.o(.text.FSMC_PCCARD_AttributeSpace_Timing_Init), (30 bytes).
    Removing stm32f4xx_ll_fsmc.o(.ARM.exidx.text.FSMC_PCCARD_AttributeSpace_Timing_Init), (8 bytes).
    Removing stm32f4xx_ll_fsmc.o(.text.FSMC_PCCARD_IOSpace_Timing_Init), (30 bytes).
    Removing stm32f4xx_ll_fsmc.o(.ARM.exidx.text.FSMC_PCCARD_IOSpace_Timing_Init), (8 bytes).
    Removing stm32f4xx_ll_fsmc.o(.text.FSMC_PCCARD_DeInit), (30 bytes).
    Removing stm32f4xx_ll_fsmc.o(.ARM.exidx.text.FSMC_PCCARD_DeInit), (8 bytes).
    Removing led.o(.text), (0 bytes).
    Removing led.o(.ARM.exidx.text.led_init), (8 bytes).
    Removing lcd.o(.text), (0 bytes).
    Removing lcd.o(.ARM.exidx.text.lcd_ex_st7789_reginit), (8 bytes).
    Removing lcd.o(.text.lcd_wr_regno), (30 bytes).
    Removing lcd.o(.ARM.exidx.text.lcd_wr_regno), (8 bytes).
    Removing lcd.o(.text.lcd_wr_data), (30 bytes).
    Removing lcd.o(.ARM.exidx.text.lcd_wr_data), (8 bytes).
    Removing lcd.o(.ARM.exidx.text.lcd_ex_ili9341_reginit), (8 bytes).
    Removing lcd.o(.ARM.exidx.text.lcd_ex_nt35310_reginit), (8 bytes).
    Removing lcd.o(.ARM.exidx.text.lcd_ex_st7796_reginit), (8 bytes).
    Removing lcd.o(.ARM.exidx.text.lcd_ex_nt35510_reginit), (8 bytes).
    Removing lcd.o(.text.lcd_write_reg), (12 bytes).
    Removing lcd.o(.ARM.exidx.text.lcd_write_reg), (8 bytes).
    Removing lcd.o(.ARM.exidx.text.lcd_ex_ili9806_reginit), (8 bytes).
    Removing lcd.o(.ARM.exidx.text.lcd_ex_ssd1963_reginit), (8 bytes).
    Removing lcd.o(.text.lcd_write_ram_prepare), (20 bytes).
    Removing lcd.o(.ARM.exidx.text.lcd_write_ram_prepare), (8 bytes).
    Removing lcd.o(.text.lcd_read_point), (186 bytes).
    Removing lcd.o(.ARM.exidx.text.lcd_read_point), (8 bytes).
    Removing lcd.o(.ARM.exidx.text.lcd_set_cursor), (8 bytes).
    Removing lcd.o(.text.lcd_display_on), (74 bytes).
    Removing lcd.o(.ARM.exidx.text.lcd_display_on), (8 bytes).
    Removing lcd.o(.text.lcd_display_off), (74 bytes).
    Removing lcd.o(.ARM.exidx.text.lcd_display_off), (8 bytes).
    Removing lcd.o(.ARM.exidx.text.lcd_scan_dir), (8 bytes).
    Removing lcd.o(.text.lcd_draw_point), (30 bytes).
    Removing lcd.o(.ARM.exidx.text.lcd_draw_point), (8 bytes).
    Removing lcd.o(.text.lcd_ssd_backlight_set), (184 bytes).
    Removing lcd.o(.ARM.exidx.text.lcd_ssd_backlight_set), (8 bytes).
    Removing lcd.o(.text.lcd_display_dir), (262 bytes).
    Removing lcd.o(.ARM.exidx.text.lcd_display_dir), (8 bytes).
    Removing lcd.o(.text.lcd_set_window), (728 bytes).
    Removing lcd.o(.ARM.exidx.text.lcd_set_window), (8 bytes).
    Removing lcd.o(.ARM.exidx.text.HAL_SRAM_MspInit), (8 bytes).
    Removing lcd.o(.ARM.exidx.text.lcd_init), (8 bytes).
    Removing lcd.o(.ARM.exidx.text.lcd_clear), (8 bytes).
    Removing lcd.o(.text.lcd_fill), (146 bytes).
    Removing lcd.o(.ARM.exidx.text.lcd_fill), (8 bytes).
    Removing lcd.o(.text.lcd_color_fill), (208 bytes).
    Removing lcd.o(.ARM.exidx.text.lcd_color_fill), (8 bytes).
    Removing lcd.o(.text.lcd_draw_line), (168 bytes).
    Removing lcd.o(.ARM.exidx.text.lcd_draw_line), (8 bytes).
    Removing lcd.o(.text.lcd_draw_hline), (160 bytes).
    Removing lcd.o(.ARM.exidx.text.lcd_draw_hline), (8 bytes).
    Removing lcd.o(.text.lcd_draw_rectangle), (350 bytes).
    Removing lcd.o(.ARM.exidx.text.lcd_draw_rectangle), (8 bytes).
    Removing lcd.o(.text.lcd_draw_circle), (292 bytes).
    Removing lcd.o(.ARM.exidx.text.lcd_draw_circle), (8 bytes).
    Removing lcd.o(.text.lcd_fill_circle), (860 bytes).
    Removing lcd.o(.ARM.exidx.text.lcd_fill_circle), (8 bytes).
    Removing lcd.o(.ARM.exidx.text.lcd_show_char), (8 bytes).
    Removing lcd.o(.ARM.exidx.text.lcd_show_num), (8 bytes).
    Removing lcd.o(.text.lcd_show_xnum), (314 bytes).
    Removing lcd.o(.ARM.exidx.text.lcd_show_xnum), (8 bytes).
    Removing lcd.o(.text.lcd_show_string), (124 bytes).
    Removing lcd.o(.ARM.exidx.text.lcd_show_string), (8 bytes).
    Removing lcd.o(.data.g_point_color), (4 bytes).

574 unused section(s) (total 23392 bytes) removed from the image.

==============================================================================

Image Symbol Table

    Local Symbols

    Symbol Name                              Value     Ov Type        Size  Object(Section)

    ../../Drivers/CMSIS/Device/ST/STM32F4xx/Source/Templates/arm/startup_stm32f407xx.s 0x00000000   Number         0  startup_stm32f407xx.o ABSOLUTE
    ../clib/angel/boardlib.s                 0x00000000   Number         0  boardinit1.o ABSOLUTE
    ../clib/angel/boardlib.s                 0x00000000   Number         0  boardinit2.o ABSOLUTE
    ../clib/angel/boardlib.s                 0x00000000   Number         0  boardinit3.o ABSOLUTE
    ../clib/angel/boardlib.s                 0x00000000   Number         0  boardshut.o ABSOLUTE
    ../clib/angel/handlers.s                 0x00000000   Number         0  __scatter_copy.o ABSOLUTE
    ../clib/angel/handlers.s                 0x00000000   Number         0  __scatter_zi.o ABSOLUTE
    ../clib/angel/kernel.s                   0x00000000   Number         0  __rtentry.o ABSOLUTE
    ../clib/angel/kernel.s                   0x00000000   Number         0  __rtentry2.o ABSOLUTE
    ../clib/angel/kernel.s                   0x00000000   Number         0  __rtentry4.o ABSOLUTE
    ../clib/angel/kernel.s                   0x00000000   Number         0  rtexit.o ABSOLUTE
    ../clib/angel/kernel.s                   0x00000000   Number         0  rtexit2.o ABSOLUTE
    ../clib/angel/rt.s                       0x00000000   Number         0  aeabi_ldiv0.o ABSOLUTE
    ../clib/angel/rt.s                       0x00000000   Number         0  aeabi_ldiv0_sigfpe.o ABSOLUTE
    ../clib/angel/rt.s                       0x00000000   Number         0  rt_div0.o ABSOLUTE
    ../clib/angel/rt.s                       0x00000000   Number         0  rt_raise.o ABSOLUTE
    ../clib/angel/scatter.s                  0x00000000   Number         0  __scatter.o ABSOLUTE
    ../clib/angel/startup.s                  0x00000000   Number         0  __main.o ABSOLUTE
    ../clib/angel/sys.s                      0x00000000   Number         0  use_no_semi_2.o ABSOLUTE
    ../clib/angel/sys.s                      0x00000000   Number         0  use_no_semi.o ABSOLUTE
    ../clib/angel/sys.s                      0x00000000   Number         0  sys_stackheap_outer.o ABSOLUTE
    ../clib/angel/sys.s                      0x00000000   Number         0  libspace.o ABSOLUTE
    ../clib/armsys.c                         0x00000000   Number         0  argv_veneer.o ABSOLUTE
    ../clib/armsys.c                         0x00000000   Number         0  argv_veneer.o ABSOLUTE
    ../clib/armsys.c                         0x00000000   Number         0  _get_argv_nomalloc.o ABSOLUTE
    ../clib/armsys.c                         0x00000000   Number         0  no_argv.o ABSOLUTE
    ../clib/heapalloc.c                      0x00000000   Number         0  hrguard.o ABSOLUTE
    ../clib/heapaux.c                        0x00000000   Number         0  heapauxi.o ABSOLUTE
    ../clib/libinit.s                        0x00000000   Number         0  libinit.o ABSOLUTE
    ../clib/libinit.s                        0x00000000   Number         0  libinit2.o ABSOLUTE
    ../clib/libinit.s                        0x00000000   Number         0  libshutdown.o ABSOLUTE
    ../clib/libinit.s                        0x00000000   Number         0  libshutdown2.o ABSOLUTE
    ../clib/longlong.s                       0x00000000   Number         0  lludivv7m.o ABSOLUTE
    ../clib/printf.c                         0x00000000   Number         0  __2printf.o ABSOLUTE
    ../clib/printf.c                         0x00000000   Number         0  noretval__2printf.o ABSOLUTE
    ../clib/printf.c                         0x00000000   Number         0  __printf.o ABSOLUTE
    ../clib/printf.c                         0x00000000   Number         0  _printf_hex_ll.o ABSOLUTE
    ../clib/printf.c                         0x00000000   Number         0  _printf_hex_int.o ABSOLUTE
    ../clib/printf.c                         0x00000000   Number         0  _printf_hex_int_ll.o ABSOLUTE
    ../clib/printf.c                         0x00000000   Number         0  _printf_hex_ptr.o ABSOLUTE
    ../clib/printf.c                         0x00000000   Number         0  _printf_hex_int_ptr.o ABSOLUTE
    ../clib/printf.c                         0x00000000   Number         0  _printf_hex_ll_ptr.o ABSOLUTE
    ../clib/printf.c                         0x00000000   Number         0  _printf_hex_int_ll_ptr.o ABSOLUTE
    ../clib/printf.c                         0x00000000   Number         0  __printf_flags.o ABSOLUTE
    ../clib/printf.c                         0x00000000   Number         0  __printf_ss.o ABSOLUTE
    ../clib/printf.c                         0x00000000   Number         0  __printf_flags_ss.o ABSOLUTE
    ../clib/printf.c                         0x00000000   Number         0  __printf_wp.o ABSOLUTE
    ../clib/printf.c                         0x00000000   Number         0  __printf_flags_wp.o ABSOLUTE
    ../clib/printf.c                         0x00000000   Number         0  __printf_ss_wp.o ABSOLUTE
    ../clib/printf.c                         0x00000000   Number         0  __printf_flags_ss_wp.o ABSOLUTE
    ../clib/printf.c                         0x00000000   Number         0  _printf_intcommon.o ABSOLUTE
    ../clib/printf.c                         0x00000000   Number         0  _printf_char_file.o ABSOLUTE
    ../clib/printf.c                         0x00000000   Number         0  _printf_char_common.o ABSOLUTE
    ../clib/printf.c                         0x00000000   Number         0  __printf_nopercent.o ABSOLUTE
    ../clib/printf_percent.s                 0x00000000   Number         0  _printf_x.o ABSOLUTE
    ../clib/printf_percent.s                 0x00000000   Number         0  _printf_percent.o ABSOLUTE
    ../clib/printf_percent.s                 0x00000000   Number         0  _printf_percent_end.o ABSOLUTE
    ../clib/signal.c                         0x00000000   Number         0  defsig_fpe_outer.o ABSOLUTE
    ../clib/signal.c                         0x00000000   Number         0  defsig_fpe_formal.o ABSOLUTE
    ../clib/signal.c                         0x00000000   Number         0  defsig_exit.o ABSOLUTE
    ../clib/signal.c                         0x00000000   Number         0  defsig_fpe_inner.o ABSOLUTE
    ../clib/signal.c                         0x00000000   Number         0  __raise.o ABSOLUTE
    ../clib/signal.c                         0x00000000   Number         0  defsig_general.o ABSOLUTE
    ../clib/signal.c                         0x00000000   Number         0  defsig_abrt_inner.o ABSOLUTE
    ../clib/signal.c                         0x00000000   Number         0  defsig_rtred_inner.o ABSOLUTE
    ../clib/signal.c                         0x00000000   Number         0  defsig_rtmem_inner.o ABSOLUTE
    ../clib/signal.c                         0x00000000   Number         0  defsig_rtmem_outer.o ABSOLUTE
    ../clib/signal.c                         0x00000000   Number         0  defsig_rtmem_formal.o ABSOLUTE
    ../clib/signal.c                         0x00000000   Number         0  defsig_stak_inner.o ABSOLUTE
    ../clib/signal.c                         0x00000000   Number         0  defsig_pvfn_inner.o ABSOLUTE
    ../clib/signal.c                         0x00000000   Number         0  defsig_cppl_inner.o ABSOLUTE
    ../clib/signal.c                         0x00000000   Number         0  defsig_segv_inner.o ABSOLUTE
    ../clib/signal.c                         0x00000000   Number         0  defsig_other.o ABSOLUTE
    ../clib/signal.s                         0x00000000   Number         0  defsig.o ABSOLUTE
    ../clib/stdio.c                          0x00000000   Number         0  ferror.o ABSOLUTE
    ../clib/stdio.c                          0x00000000   Number         0  ferror_locked.o ABSOLUTE
    ../clib/stdlib.c                         0x00000000   Number         0  exit.o ABSOLUTE
    ../fplib/dfix.s                          0x00000000   Number         0  dfix.o ABSOLUTE
    ../fplib/dflt.s                          0x00000000   Number         0  dflt_clz.o ABSOLUTE
    ../fplib/dmul.s                          0x00000000   Number         0  dmul.o ABSOLUTE
    ../fplib/dnaninf.s                       0x00000000   Number         0  dnaninf.o ABSOLUTE
    ../fplib/dretinf.s                       0x00000000   Number         0  dretinf.o ABSOLUTE
    ../fplib/fpinit.s                        0x00000000   Number         0  fpinit.o ABSOLUTE
    ../fplib/usenofp.s                       0x00000000   Number         0  usenofp.o ABSOLUTE
    dc.s                                     0x00000000   Number         0  dc.o ABSOLUTE
    delay.c                                  0x00000000   Number         0  delay.o ABSOLUTE
    lcd.c                                    0x00000000   Number         0  lcd.o ABSOLUTE
    led.c                                    0x00000000   Number         0  led.o ABSOLUTE
    main.c                                   0x00000000   Number         0  main.o ABSOLUTE
    stm32f4xx_hal.c                          0x00000000   Number         0  stm32f4xx_hal.o ABSOLUTE
    stm32f4xx_hal_cortex.c                   0x00000000   Number         0  stm32f4xx_hal_cortex.o ABSOLUTE
    stm32f4xx_hal_dma.c                      0x00000000   Number         0  stm32f4xx_hal_dma.o ABSOLUTE
    stm32f4xx_hal_dma_ex.c                   0x00000000   Number         0  stm32f4xx_hal_dma_ex.o ABSOLUTE
    stm32f4xx_hal_gpio.c                     0x00000000   Number         0  stm32f4xx_hal_gpio.o ABSOLUTE
    stm32f4xx_hal_pwr.c                      0x00000000   Number         0  stm32f4xx_hal_pwr.o ABSOLUTE
    stm32f4xx_hal_pwr_ex.c                   0x00000000   Number         0  stm32f4xx_hal_pwr_ex.o ABSOLUTE
    stm32f4xx_hal_rcc.c                      0x00000000   Number         0  stm32f4xx_hal_rcc.o ABSOLUTE
    stm32f4xx_hal_rcc_ex.c                   0x00000000   Number         0  stm32f4xx_hal_rcc_ex.o ABSOLUTE
    stm32f4xx_hal_sram.c                     0x00000000   Number         0  stm32f4xx_hal_sram.o ABSOLUTE
    stm32f4xx_hal_uart.c                     0x00000000   Number         0  stm32f4xx_hal_uart.o ABSOLUTE
    stm32f4xx_hal_usart.c                    0x00000000   Number         0  stm32f4xx_hal_usart.o ABSOLUTE
    stm32f4xx_it.c                           0x00000000   Number         0  stm32f4xx_it.o ABSOLUTE
    stm32f4xx_ll_fsmc.c                      0x00000000   Number         0  stm32f4xx_ll_fsmc.o ABSOLUTE
    sys.c                                    0x00000000   Number         0  sys.o ABSOLUTE
    system_stm32f4xx.c                       0x00000000   Number         0  system_stm32f4xx.o ABSOLUTE
    usart.c                                  0x00000000   Number         0  usart.o ABSOLUTE
    RESET                                    0x08000000   Section      392  startup_stm32f407xx.o(RESET)
    !!!main                                  0x08000188   Section        8  __main.o(!!!main)
    !!!scatter                               0x08000190   Section       92  __scatter.o(!!!scatter)
    !!handler_copy                           0x080001ec   Section       26  __scatter_copy.o(!!handler_copy)
    !!handler_null                           0x08000208   Section        2  __scatter.o(!!handler_null)
    !!handler_zi                             0x0800020c   Section       28  __scatter_zi.o(!!handler_zi)
    .ARM.Collect$$_printf_percent$$00000000  0x08000228   Section        0  _printf_percent.o(.ARM.Collect$$_printf_percent$$00000000)
    .ARM.Collect$$_printf_percent$$0000000C  0x08000228   Section        6  _printf_x.o(.ARM.Collect$$_printf_percent$$0000000C)
    .ARM.Collect$$_printf_percent$$00000017  0x0800022e   Section        4  _printf_percent_end.o(.ARM.Collect$$_printf_percent$$00000017)
    .ARM.Collect$$libinit$$00000000          0x08000232   Section        2  libinit.o(.ARM.Collect$$libinit$$00000000)
    .ARM.Collect$$libinit$$00000001          0x08000234   Section        4  libinit2.o(.ARM.Collect$$libinit$$00000001)
    .ARM.Collect$$libinit$$00000004          0x08000238   Section        0  libinit2.o(.ARM.Collect$$libinit$$00000004)
    .ARM.Collect$$libinit$$00000006          0x08000238   Section        0  libinit2.o(.ARM.Collect$$libinit$$00000006)
    .ARM.Collect$$libinit$$0000000C          0x08000238   Section        0  libinit2.o(.ARM.Collect$$libinit$$0000000C)
    .ARM.Collect$$libinit$$0000000E          0x08000238   Section        0  libinit2.o(.ARM.Collect$$libinit$$0000000E)
    .ARM.Collect$$libinit$$00000010          0x08000238   Section        0  libinit2.o(.ARM.Collect$$libinit$$00000010)
    .ARM.Collect$$libinit$$00000013          0x08000238   Section        0  libinit2.o(.ARM.Collect$$libinit$$00000013)
    .ARM.Collect$$libinit$$00000015          0x08000238   Section        0  libinit2.o(.ARM.Collect$$libinit$$00000015)
    .ARM.Collect$$libinit$$00000017          0x08000238   Section        0  libinit2.o(.ARM.Collect$$libinit$$00000017)
    .ARM.Collect$$libinit$$00000019          0x08000238   Section        0  libinit2.o(.ARM.Collect$$libinit$$00000019)
    .ARM.Collect$$libinit$$0000001B          0x08000238   Section        0  libinit2.o(.ARM.Collect$$libinit$$0000001B)
    .ARM.Collect$$libinit$$0000001D          0x08000238   Section        0  libinit2.o(.ARM.Collect$$libinit$$0000001D)
    .ARM.Collect$$libinit$$0000001F          0x08000238   Section        0  libinit2.o(.ARM.Collect$$libinit$$0000001F)
    .ARM.Collect$$libinit$$00000021          0x08000238   Section        0  libinit2.o(.ARM.Collect$$libinit$$00000021)
    .ARM.Collect$$libinit$$00000023          0x08000238   Section        0  libinit2.o(.ARM.Collect$$libinit$$00000023)
    .ARM.Collect$$libinit$$00000025          0x08000238   Section        0  libinit2.o(.ARM.Collect$$libinit$$00000025)
    .ARM.Collect$$libinit$$00000027          0x08000238   Section        0  libinit2.o(.ARM.Collect$$libinit$$00000027)
    .ARM.Collect$$libinit$$0000002E          0x08000238   Section        0  libinit2.o(.ARM.Collect$$libinit$$0000002E)
    .ARM.Collect$$libinit$$00000030          0x08000238   Section        0  libinit2.o(.ARM.Collect$$libinit$$00000030)
    .ARM.Collect$$libinit$$00000032          0x08000238   Section        0  libinit2.o(.ARM.Collect$$libinit$$00000032)
    .ARM.Collect$$libinit$$00000034          0x08000238   Section        0  libinit2.o(.ARM.Collect$$libinit$$00000034)
    .ARM.Collect$$libinit$$00000035          0x08000238   Section        2  libinit2.o(.ARM.Collect$$libinit$$00000035)
    .ARM.Collect$$libshutdown$$00000000      0x0800023a   Section        2  libshutdown.o(.ARM.Collect$$libshutdown$$00000000)
    .ARM.Collect$$libshutdown$$00000002      0x0800023c   Section        0  libshutdown2.o(.ARM.Collect$$libshutdown$$00000002)
    .ARM.Collect$$libshutdown$$00000004      0x0800023c   Section        0  libshutdown2.o(.ARM.Collect$$libshutdown$$00000004)
    .ARM.Collect$$libshutdown$$00000007      0x0800023c   Section        0  libshutdown2.o(.ARM.Collect$$libshutdown$$00000007)
    .ARM.Collect$$libshutdown$$0000000A      0x0800023c   Section        0  libshutdown2.o(.ARM.Collect$$libshutdown$$0000000A)
    .ARM.Collect$$libshutdown$$0000000C      0x0800023c   Section        0  libshutdown2.o(.ARM.Collect$$libshutdown$$0000000C)
    .ARM.Collect$$libshutdown$$0000000F      0x0800023c   Section        0  libshutdown2.o(.ARM.Collect$$libshutdown$$0000000F)
    .ARM.Collect$$libshutdown$$00000010      0x0800023c   Section        2  libshutdown2.o(.ARM.Collect$$libshutdown$$00000010)
    .ARM.Collect$$rtentry$$00000000          0x0800023e   Section        0  __rtentry.o(.ARM.Collect$$rtentry$$00000000)
    .ARM.Collect$$rtentry$$00000002          0x0800023e   Section        0  __rtentry2.o(.ARM.Collect$$rtentry$$00000002)
    .ARM.Collect$$rtentry$$00000004          0x0800023e   Section        6  __rtentry4.o(.ARM.Collect$$rtentry$$00000004)
    .ARM.Collect$$rtentry$$00000009          0x08000244   Section        0  __rtentry2.o(.ARM.Collect$$rtentry$$00000009)
    .ARM.Collect$$rtentry$$0000000A          0x08000244   Section        4  __rtentry2.o(.ARM.Collect$$rtentry$$0000000A)
    .ARM.Collect$$rtentry$$0000000C          0x08000248   Section        0  __rtentry2.o(.ARM.Collect$$rtentry$$0000000C)
    .ARM.Collect$$rtentry$$0000000D          0x08000248   Section        8  __rtentry2.o(.ARM.Collect$$rtentry$$0000000D)
    .ARM.Collect$$rtexit$$00000000           0x08000250   Section        2  rtexit.o(.ARM.Collect$$rtexit$$00000000)
    .ARM.Collect$$rtexit$$00000002           0x08000252   Section        0  rtexit2.o(.ARM.Collect$$rtexit$$00000002)
    .ARM.Collect$$rtexit$$00000003           0x08000252   Section        4  rtexit2.o(.ARM.Collect$$rtexit$$00000003)
    .ARM.Collect$$rtexit$$00000004           0x08000256   Section        6  rtexit2.o(.ARM.Collect$$rtexit$$00000004)
    $v0                                      0x0800025c   Number         0  startup_stm32f407xx.o(.text)
    .text                                    0x0800025c   Section       76  startup_stm32f407xx.o(.text)
    .text                                    0x080002a8   Section        2  use_no_semi_2.o(.text)
    .text                                    0x080002aa   Section      240  lludivv7m.o(.text)
    .text                                    0x0800039c   Section        0  noretval__2printf.o(.text)
    .text                                    0x080003b4   Section        0  __printf.o(.text)
    .text                                    0x0800041c   Section        0  _printf_hex_int.o(.text)
    .text                                    0x08000474   Section        0  heapauxi.o(.text)
    .text                                    0x0800047a   Section        2  use_no_semi.o(.text)
    .text                                    0x0800047c   Section        0  _printf_intcommon.o(.text)
    .text                                    0x08000530   Section        0  _printf_char_file.o(.text)
    _printf_input_char                       0x08000555   Thumb Code    10  _printf_char_common.o(.text)
    .text                                    0x08000554   Section        0  _printf_char_common.o(.text)
    .text                                    0x08000584   Section        0  ferror.o(.text)
    .text                                    0x0800058c   Section       74  sys_stackheap_outer.o(.text)
    .text                                    0x080005d6   Section        0  exit.o(.text)
    .text                                    0x080005e8   Section        8  libspace.o(.text)
    [Anonymous Symbol]                       0x080005f0   Section        0  stm32f4xx_it.o(.text.BusFault_Handler)
    [Anonymous Symbol]                       0x080005f4   Section        0  stm32f4xx_it.o(.text.DebugMon_Handler)
    [Anonymous Symbol]                       0x080005f8   Section        0  stm32f4xx_ll_fsmc.o(.text.FSMC_NORSRAM_Extended_Timing_Init)
    [Anonymous Symbol]                       0x08000640   Section        0  stm32f4xx_ll_fsmc.o(.text.FSMC_NORSRAM_Init)
    [Anonymous Symbol]                       0x080006a0   Section        0  stm32f4xx_ll_fsmc.o(.text.FSMC_NORSRAM_Timing_Init)
    [Anonymous Symbol]                       0x080006e4   Section        0  stm32f4xx_hal_dma.o(.text.HAL_DMA_Abort)
    [Anonymous Symbol]                       0x08000770   Section        0  stm32f4xx_hal_dma.o(.text.HAL_DMA_Abort_IT)
    [Anonymous Symbol]                       0x08000794   Section        0  stm32f4xx_hal_gpio.o(.text.HAL_GPIO_Init)
    [Anonymous Symbol]                       0x08000934   Section        0  stm32f4xx_hal_gpio.o(.text.HAL_GPIO_TogglePin)
    [Anonymous Symbol]                       0x08000944   Section        0  stm32f4xx_hal_gpio.o(.text.HAL_GPIO_WritePin)
    [Anonymous Symbol]                       0x08000950   Section        0  stm32f4xx_hal.o(.text.HAL_GetREVID)
    [Anonymous Symbol]                       0x08000960   Section        0  stm32f4xx_hal.o(.text.HAL_GetTick)
    [Anonymous Symbol]                       0x0800096c   Section        0  stm32f4xx_hal.o(.text.HAL_IncTick)
    [Anonymous Symbol]                       0x08000988   Section        0  stm32f4xx_hal.o(.text.HAL_Init)
    [Anonymous Symbol]                       0x080009b8   Section        0  stm32f4xx_hal.o(.text.HAL_InitTick)
    [Anonymous Symbol]                       0x08000a08   Section        0  stm32f4xx_hal.o(.text.HAL_MspInit)
    [Anonymous Symbol]                       0x08000a0c   Section        0  stm32f4xx_hal_cortex.o(.text.HAL_NVIC_EnableIRQ)
    [Anonymous Symbol]                       0x08000a30   Section        0  stm32f4xx_hal_cortex.o(.text.HAL_NVIC_SetPriority)
    [Anonymous Symbol]                       0x08000a88   Section        0  stm32f4xx_hal_cortex.o(.text.HAL_NVIC_SetPriorityGrouping)
    [Anonymous Symbol]                       0x08000aa8   Section        0  stm32f4xx_hal_rcc.o(.text.HAL_RCC_ClockConfig)
    [Anonymous Symbol]                       0x08000c08   Section        0  stm32f4xx_hal_rcc.o(.text.HAL_RCC_GetPCLK1Freq)
    [Anonymous Symbol]                       0x08000c30   Section        0  stm32f4xx_hal_rcc.o(.text.HAL_RCC_GetPCLK2Freq)
    [Anonymous Symbol]                       0x08000c58   Section        0  stm32f4xx_hal_rcc.o(.text.HAL_RCC_GetSysClockFreq)
    [Anonymous Symbol]                       0x08000cc4   Section        0  stm32f4xx_hal_rcc.o(.text.HAL_RCC_OscConfig)
    [Anonymous Symbol]                       0x08001038   Section        0  stm32f4xx_hal_sram.o(.text.HAL_SRAM_Init)
    [Anonymous Symbol]                       0x08001090   Section        0  lcd.o(.text.HAL_SRAM_MspInit)
    [Anonymous Symbol]                       0x08001114   Section        0  stm32f4xx_hal_cortex.o(.text.HAL_SYSTICK_Config)
    [Anonymous Symbol]                       0x08001140   Section        0  stm32f4xx_hal_uart.o(.text.HAL_UARTEx_RxEventCallback)
    [Anonymous Symbol]                       0x08001144   Section        0  stm32f4xx_hal_uart.o(.text.HAL_UART_ErrorCallback)
    [Anonymous Symbol]                       0x08001148   Section        0  stm32f4xx_hal_uart.o(.text.HAL_UART_IRQHandler)
    [Anonymous Symbol]                       0x080013ac   Section        0  stm32f4xx_hal_uart.o(.text.HAL_UART_Init)
    [Anonymous Symbol]                       0x0800140c   Section        0  usart.o(.text.HAL_UART_MspInit)
    [Anonymous Symbol]                       0x080014ac   Section        0  stm32f4xx_hal_uart.o(.text.HAL_UART_Receive_IT)
    [Anonymous Symbol]                       0x08001504   Section        0  usart.o(.text.HAL_UART_RxCpltCallback)
    [Anonymous Symbol]                       0x080015c4   Section        0  stm32f4xx_hal_uart.o(.text.HAL_UART_TxCpltCallback)
    [Anonymous Symbol]                       0x080015c8   Section        0  stm32f4xx_it.o(.text.HardFault_Handler)
    [Anonymous Symbol]                       0x080015cc   Section        0  stm32f4xx_it.o(.text.MemManage_Handler)
    [Anonymous Symbol]                       0x080015d0   Section        0  stm32f4xx_it.o(.text.NMI_Handler)
    [Anonymous Symbol]                       0x080015d4   Section        0  stm32f4xx_it.o(.text.PendSV_Handler)
    [Anonymous Symbol]                       0x080015d8   Section        0  stm32f4xx_it.o(.text.SVC_Handler)
    [Anonymous Symbol]                       0x080015dc   Section        0  stm32f4xx_it.o(.text.SysTick_Handler)
    [Anonymous Symbol]                       0x080015e0   Section        0  system_stm32f4xx.o(.text.SystemInit)
    UART_DMAAbortOnError                     0x080015f5   Thumb Code    12  stm32f4xx_hal_uart.o(.text.UART_DMAAbortOnError)
    [Anonymous Symbol]                       0x080015f4   Section        0  stm32f4xx_hal_uart.o(.text.UART_DMAAbortOnError)
    UART_Receive_IT                          0x08001601   Thumb Code   160  stm32f4xx_hal_uart.o(.text.UART_Receive_IT)
    [Anonymous Symbol]                       0x08001600   Section        0  stm32f4xx_hal_uart.o(.text.UART_Receive_IT)
    UART_SetConfig                           0x080016a1   Thumb Code   232  stm32f4xx_hal_uart.o(.text.UART_SetConfig)
    [Anonymous Symbol]                       0x080016a0   Section        0  stm32f4xx_hal_uart.o(.text.UART_SetConfig)
    [Anonymous Symbol]                       0x08001788   Section        0  usart.o(.text.USART1_IRQHandler)
    [Anonymous Symbol]                       0x08001794   Section        0  stm32f4xx_it.o(.text.UsageFault_Handler)
    [Anonymous Symbol]                       0x08001798   Section        0  usart.o(.text._sys_exit)
    [Anonymous Symbol]                       0x0800179c   Section        0  delay.o(.text.delay_init)
    [Anonymous Symbol]                       0x080017a8   Section        0  delay.o(.text.delay_ms)
    [Anonymous Symbol]                       0x08001800   Section        0  delay.o(.text.delay_us)
    [Anonymous Symbol]                       0x08001850   Section        0  usart.o(.text.fputc)
    [Anonymous Symbol]                       0x08001878   Section        0  lcd.o(.text.lcd_clear)
    [Anonymous Symbol]                       0x080018d0   Section        0  lcd.o(.text.lcd_ex_ili9341_reginit)
    [Anonymous Symbol]                       0x08001ff4   Section        0  lcd.o(.text.lcd_ex_ili9806_reginit)
    [Anonymous Symbol]                       0x08002a64   Section        0  lcd.o(.text.lcd_ex_nt35310_reginit)
    [Anonymous Symbol]                       0x08005988   Section        0  lcd.o(.text.lcd_ex_nt35510_reginit)
    [Anonymous Symbol]                       0x080067cc   Section        0  lcd.o(.text.lcd_ex_ssd1963_reginit)
    [Anonymous Symbol]                       0x08006c38   Section        0  lcd.o(.text.lcd_ex_st7789_reginit)
    [Anonymous Symbol]                       0x080071b4   Section        0  lcd.o(.text.lcd_ex_st7796_reginit)
    [Anonymous Symbol]                       0x08007790   Section        0  lcd.o(.text.lcd_init)
    [Anonymous Symbol]                       0x08007da4   Section        0  lcd.o(.text.lcd_scan_dir)
    [Anonymous Symbol]                       0x0800809c   Section        0  lcd.o(.text.lcd_set_cursor)
    [Anonymous Symbol]                       0x08008310   Section        0  lcd.o(.text.lcd_show_char)
    [Anonymous Symbol]                       0x08008440   Section        0  lcd.o(.text.lcd_show_num)
    [Anonymous Symbol]                       0x08008554   Section        0  led.o(.text.led_init)
    [Anonymous Symbol]                       0x080085d8   Section        0  main.o(.text.main)
    [Anonymous Symbol]                       0x080086c8   Section        0  sys.o(.text.sys_stm32_clock_init)
    [Anonymous Symbol]                       0x08008788   Section        0  usart.o(.text.usart_init)
    $v0                                      0x080087c6   Number         0  fpinit.o(x$fpl$fpinit)
    x$fpl$fpinit                             0x080087c6   Section       26  fpinit.o(x$fpl$fpinit)
    uc_hextab                                0x080087e0   Data          20  _printf_hex_int.o(.constdata)
    .constdata                               0x080087e0   Section       40  _printf_hex_int.o(.constdata)
    lc_hextab                                0x080087f4   Data          20  _printf_hex_int.o(.constdata)
    .Lswitch.table.lcd_scan_dir.1            0x08008808   Data          14  lcd.o(.rodata..Lswitch.table.lcd_scan_dir.1)
    .bss                                     0x20000018   Section       96  libspace.o(.bss)
    HAL_UART_RxCpltCallback.rxstate          0x20000078   Data           1  usart.o(.bss.HAL_UART_RxCpltCallback.rxstate)
    [Anonymous Symbol]                       0x20000078   Section        0  usart.o(.bss.HAL_UART_RxCpltCallback.rxstate)
    g_fac_us                                 0x200000d0   Data           4  delay.o(.bss.g_fac_us)
    [Anonymous Symbol]                       0x200000d0   Section        0  delay.o(.bss.g_fac_us)
    Heap_Mem                                 0x20000188   Data           0  startup_stm32f407xx.o(HEAP)
    Stack_Mem                                0x20000188   Data        1024  startup_stm32f407xx.o(STACK)
    HEAP                                     0x20000188   Section        0  startup_stm32f407xx.o(HEAP)
    STACK                                    0x20000188   Section     1024  startup_stm32f407xx.o(STACK)
    __initial_sp                             0x20000588   Data           0  startup_stm32f407xx.o(STACK)

    Global Symbols

    Symbol Name                              Value     Ov Type        Size  Object(Section)

    BuildAttributes$$THM_ISAv4$E$P$D$K$B$S$7EM$VFPi3$EXTD16$VFPS$VFMA$PE$A:L22UL41UL21$X:L11$S22US41US21$IEEE1$IW$~IW$USESV6$~STKCKD$USESV7$~SHL$OTIME$ROPI$EBA8$UX$STANDARDLIB$REQ8$PRES8$EABIv2 0x00000000   Number         0  anon$$obj.o ABSOLUTE
    __ARM_exceptions_init                     - Undefined Weak Reference
    __alloca_initialize                       - Undefined Weak Reference
    __arm_preinit_                            - Undefined Weak Reference
    __arm_relocate_pie_                       - Undefined Weak Reference
    __cpp_initialize__aeabi_                  - Undefined Weak Reference
    __cxa_finalize                            - Undefined Weak Reference
    __rt_locale                               - Undefined Weak Reference
    __sigvec_lookup                           - Undefined Weak Reference
    _atexit_init                              - Undefined Weak Reference
    _call_atexit_fns                          - Undefined Weak Reference
    _clock_init                               - Undefined Weak Reference
    _fp_trap_init                             - Undefined Weak Reference
    _fp_trap_shutdown                         - Undefined Weak Reference
    _get_lc_collate                           - Undefined Weak Reference
    _get_lc_ctype                             - Undefined Weak Reference
    _get_lc_monetary                          - Undefined Weak Reference
    _get_lc_numeric                           - Undefined Weak Reference
    _get_lc_time                              - Undefined Weak Reference
    _getenv_init                              - Undefined Weak Reference
    _handle_redirection                       - Undefined Weak Reference
    _init_alloc                               - Undefined Weak Reference
    _init_user_alloc                          - Undefined Weak Reference
    _initio                                   - Undefined Weak Reference
    _mutex_acquire                            - Undefined Weak Reference
    _mutex_release                            - Undefined Weak Reference
    _printf_post_padding                      - Undefined Weak Reference
    _printf_pre_padding                       - Undefined Weak Reference
    _printf_truncate_unsigned                 - Undefined Weak Reference
    _rand_init                                - Undefined Weak Reference
    _signal_finish                            - Undefined Weak Reference
    _signal_init                              - Undefined Weak Reference
    _terminate_alloc                          - Undefined Weak Reference
    _terminate_user_alloc                     - Undefined Weak Reference
    _terminateio                              - Undefined Weak Reference
    __Vectors_Size                           0x00000188   Number         0  startup_stm32f407xx.o ABSOLUTE
    __Vectors                                0x08000000   Data           4  startup_stm32f407xx.o(RESET)
    __Vectors_End                            0x08000188   Data           0  startup_stm32f407xx.o(RESET)
    __main                                   0x08000189   Thumb Code     8  __main.o(!!!main)
    __scatterload                            0x08000191   Thumb Code     0  __scatter.o(!!!scatter)
    __scatterload_rt2                        0x08000191   Thumb Code    84  __scatter.o(!!!scatter)
    __scatterload_rt2_thumb_only             0x08000191   Thumb Code     0  __scatter.o(!!!scatter)
    __scatterload_loop                       0x0800019b   Thumb Code     0  __scatter.o(!!!scatter)
    __scatterload_copy                       0x080001ed   Thumb Code    26  __scatter_copy.o(!!handler_copy)
    __scatterload_null                       0x08000209   Thumb Code     2  __scatter.o(!!handler_null)
    __scatterload_zeroinit                   0x0800020d   Thumb Code    28  __scatter_zi.o(!!handler_zi)
    _printf_percent                          0x08000229   Thumb Code     0  _printf_percent.o(.ARM.Collect$$_printf_percent$$00000000)
    _printf_x                                0x08000229   Thumb Code     0  _printf_x.o(.ARM.Collect$$_printf_percent$$0000000C)
    _printf_percent_end                      0x0800022f   Thumb Code     0  _printf_percent_end.o(.ARM.Collect$$_printf_percent$$00000017)
    __rt_lib_init                            0x08000233   Thumb Code     0  libinit.o(.ARM.Collect$$libinit$$00000000)
    __rt_lib_init_fp_1                       0x08000235   Thumb Code     0  libinit2.o(.ARM.Collect$$libinit$$00000001)
    __rt_lib_init_alloca_1                   0x08000239   Thumb Code     0  libinit2.o(.ARM.Collect$$libinit$$00000030)
    __rt_lib_init_argv_1                     0x08000239   Thumb Code     0  libinit2.o(.ARM.Collect$$libinit$$0000002E)
    __rt_lib_init_atexit_1                   0x08000239   Thumb Code     0  libinit2.o(.ARM.Collect$$libinit$$0000001D)
    __rt_lib_init_clock_1                    0x08000239   Thumb Code     0  libinit2.o(.ARM.Collect$$libinit$$00000023)
    __rt_lib_init_cpp_1                      0x08000239   Thumb Code     0  libinit2.o(.ARM.Collect$$libinit$$00000034)
    __rt_lib_init_exceptions_1               0x08000239   Thumb Code     0  libinit2.o(.ARM.Collect$$libinit$$00000032)
    __rt_lib_init_fp_trap_1                  0x08000239   Thumb Code     0  libinit2.o(.ARM.Collect$$libinit$$00000021)
    __rt_lib_init_getenv_1                   0x08000239   Thumb Code     0  libinit2.o(.ARM.Collect$$libinit$$00000025)
    __rt_lib_init_heap_1                     0x08000239   Thumb Code     0  libinit2.o(.ARM.Collect$$libinit$$0000000C)
    __rt_lib_init_lc_collate_1               0x08000239   Thumb Code     0  libinit2.o(.ARM.Collect$$libinit$$00000013)
    __rt_lib_init_lc_ctype_1                 0x08000239   Thumb Code     0  libinit2.o(.ARM.Collect$$libinit$$00000015)
    __rt_lib_init_lc_monetary_1              0x08000239   Thumb Code     0  libinit2.o(.ARM.Collect$$libinit$$00000017)
    __rt_lib_init_lc_numeric_1               0x08000239   Thumb Code     0  libinit2.o(.ARM.Collect$$libinit$$00000019)
    __rt_lib_init_lc_time_1                  0x08000239   Thumb Code     0  libinit2.o(.ARM.Collect$$libinit$$0000001B)
    __rt_lib_init_preinit_1                  0x08000239   Thumb Code     0  libinit2.o(.ARM.Collect$$libinit$$00000006)
    __rt_lib_init_rand_1                     0x08000239   Thumb Code     0  libinit2.o(.ARM.Collect$$libinit$$00000010)
    __rt_lib_init_relocate_pie_1             0x08000239   Thumb Code     0  libinit2.o(.ARM.Collect$$libinit$$00000004)
    __rt_lib_init_return                     0x08000239   Thumb Code     0  libinit2.o(.ARM.Collect$$libinit$$00000035)
    __rt_lib_init_signal_1                   0x08000239   Thumb Code     0  libinit2.o(.ARM.Collect$$libinit$$0000001F)
    __rt_lib_init_stdio_1                    0x08000239   Thumb Code     0  libinit2.o(.ARM.Collect$$libinit$$00000027)
    __rt_lib_init_user_alloc_1               0x08000239   Thumb Code     0  libinit2.o(.ARM.Collect$$libinit$$0000000E)
    __rt_lib_shutdown                        0x0800023b   Thumb Code     0  libshutdown.o(.ARM.Collect$$libshutdown$$00000000)
    __rt_lib_shutdown_cpp_1                  0x0800023d   Thumb Code     0  libshutdown2.o(.ARM.Collect$$libshutdown$$00000002)
    __rt_lib_shutdown_fp_trap_1              0x0800023d   Thumb Code     0  libshutdown2.o(.ARM.Collect$$libshutdown$$00000007)
    __rt_lib_shutdown_heap_1                 0x0800023d   Thumb Code     0  libshutdown2.o(.ARM.Collect$$libshutdown$$0000000F)
    __rt_lib_shutdown_return                 0x0800023d   Thumb Code     0  libshutdown2.o(.ARM.Collect$$libshutdown$$00000010)
    __rt_lib_shutdown_signal_1               0x0800023d   Thumb Code     0  libshutdown2.o(.ARM.Collect$$libshutdown$$0000000A)
    __rt_lib_shutdown_stdio_1                0x0800023d   Thumb Code     0  libshutdown2.o(.ARM.Collect$$libshutdown$$00000004)
    __rt_lib_shutdown_user_alloc_1           0x0800023d   Thumb Code     0  libshutdown2.o(.ARM.Collect$$libshutdown$$0000000C)
    __rt_entry                               0x0800023f   Thumb Code     0  __rtentry.o(.ARM.Collect$$rtentry$$00000000)
    __rt_entry_presh_1                       0x0800023f   Thumb Code     0  __rtentry2.o(.ARM.Collect$$rtentry$$00000002)
    __rt_entry_sh                            0x0800023f   Thumb Code     0  __rtentry4.o(.ARM.Collect$$rtentry$$00000004)
    __rt_entry_li                            0x08000245   Thumb Code     0  __rtentry2.o(.ARM.Collect$$rtentry$$0000000A)
    __rt_entry_postsh_1                      0x08000245   Thumb Code     0  __rtentry2.o(.ARM.Collect$$rtentry$$00000009)
    __rt_entry_main                          0x08000249   Thumb Code     0  __rtentry2.o(.ARM.Collect$$rtentry$$0000000D)
    __rt_entry_postli_1                      0x08000249   Thumb Code     0  __rtentry2.o(.ARM.Collect$$rtentry$$0000000C)
    __rt_exit                                0x08000251   Thumb Code     0  rtexit.o(.ARM.Collect$$rtexit$$00000000)
    __rt_exit_ls                             0x08000253   Thumb Code     0  rtexit2.o(.ARM.Collect$$rtexit$$00000003)
    __rt_exit_prels_1                        0x08000253   Thumb Code     0  rtexit2.o(.ARM.Collect$$rtexit$$00000002)
    __rt_exit_exit                           0x08000257   Thumb Code     0  rtexit2.o(.ARM.Collect$$rtexit$$00000004)
    Reset_Handler                            0x0800025d   Thumb Code    18  startup_stm32f407xx.o(.text)
    ADC_IRQHandler                           0x08000281   Thumb Code     0  startup_stm32f407xx.o(.text)
    CAN1_RX0_IRQHandler                      0x08000281   Thumb Code     0  startup_stm32f407xx.o(.text)
    CAN1_RX1_IRQHandler                      0x08000281   Thumb Code     0  startup_stm32f407xx.o(.text)
    CAN1_SCE_IRQHandler                      0x08000281   Thumb Code     0  startup_stm32f407xx.o(.text)
    CAN1_TX_IRQHandler                       0x08000281   Thumb Code     0  startup_stm32f407xx.o(.text)
    CAN2_RX0_IRQHandler                      0x08000281   Thumb Code     0  startup_stm32f407xx.o(.text)
    CAN2_RX1_IRQHandler                      0x08000281   Thumb Code     0  startup_stm32f407xx.o(.text)
    CAN2_SCE_IRQHandler                      0x08000281   Thumb Code     0  startup_stm32f407xx.o(.text)
    CAN2_TX_IRQHandler                       0x08000281   Thumb Code     0  startup_stm32f407xx.o(.text)
    DCMI_IRQHandler                          0x08000281   Thumb Code     0  startup_stm32f407xx.o(.text)
    DMA1_Stream0_IRQHandler                  0x08000281   Thumb Code     0  startup_stm32f407xx.o(.text)
    DMA1_Stream1_IRQHandler                  0x08000281   Thumb Code     0  startup_stm32f407xx.o(.text)
    DMA1_Stream2_IRQHandler                  0x08000281   Thumb Code     0  startup_stm32f407xx.o(.text)
    DMA1_Stream3_IRQHandler                  0x08000281   Thumb Code     0  startup_stm32f407xx.o(.text)
    DMA1_Stream4_IRQHandler                  0x08000281   Thumb Code     0  startup_stm32f407xx.o(.text)
    DMA1_Stream5_IRQHandler                  0x08000281   Thumb Code     0  startup_stm32f407xx.o(.text)
    DMA1_Stream6_IRQHandler                  0x08000281   Thumb Code     0  startup_stm32f407xx.o(.text)
    DMA1_Stream7_IRQHandler                  0x08000281   Thumb Code     0  startup_stm32f407xx.o(.text)
    DMA2_Stream0_IRQHandler                  0x08000281   Thumb Code     0  startup_stm32f407xx.o(.text)
    DMA2_Stream1_IRQHandler                  0x08000281   Thumb Code     0  startup_stm32f407xx.o(.text)
    DMA2_Stream2_IRQHandler                  0x08000281   Thumb Code     0  startup_stm32f407xx.o(.text)
    DMA2_Stream3_IRQHandler                  0x08000281   Thumb Code     0  startup_stm32f407xx.o(.text)
    DMA2_Stream4_IRQHandler                  0x08000281   Thumb Code     0  startup_stm32f407xx.o(.text)
    DMA2_Stream5_IRQHandler                  0x08000281   Thumb Code     0  startup_stm32f407xx.o(.text)
    DMA2_Stream6_IRQHandler                  0x08000281   Thumb Code     0  startup_stm32f407xx.o(.text)
    DMA2_Stream7_IRQHandler                  0x08000281   Thumb Code     0  startup_stm32f407xx.o(.text)
    ETH_IRQHandler                           0x08000281   Thumb Code     0  startup_stm32f407xx.o(.text)
    ETH_WKUP_IRQHandler                      0x08000281   Thumb Code     0  startup_stm32f407xx.o(.text)
    EXTI0_IRQHandler                         0x08000281   Thumb Code     0  startup_stm32f407xx.o(.text)
    EXTI15_10_IRQHandler                     0x08000281   Thumb Code     0  startup_stm32f407xx.o(.text)
    EXTI1_IRQHandler                         0x08000281   Thumb Code     0  startup_stm32f407xx.o(.text)
    EXTI2_IRQHandler                         0x08000281   Thumb Code     0  startup_stm32f407xx.o(.text)
    EXTI3_IRQHandler                         0x08000281   Thumb Code     0  startup_stm32f407xx.o(.text)
    EXTI4_IRQHandler                         0x08000281   Thumb Code     0  startup_stm32f407xx.o(.text)
    EXTI9_5_IRQHandler                       0x08000281   Thumb Code     0  startup_stm32f407xx.o(.text)
    FLASH_IRQHandler                         0x08000281   Thumb Code     0  startup_stm32f407xx.o(.text)
    FMC_IRQHandler                           0x08000281   Thumb Code     0  startup_stm32f407xx.o(.text)
    FPU_IRQHandler                           0x08000281   Thumb Code     0  startup_stm32f407xx.o(.text)
    HASH_RNG_IRQHandler                      0x08000281   Thumb Code     0  startup_stm32f407xx.o(.text)
    I2C1_ER_IRQHandler                       0x08000281   Thumb Code     0  startup_stm32f407xx.o(.text)
    I2C1_EV_IRQHandler                       0x08000281   Thumb Code     0  startup_stm32f407xx.o(.text)
    I2C2_ER_IRQHandler                       0x08000281   Thumb Code     0  startup_stm32f407xx.o(.text)
    I2C2_EV_IRQHandler                       0x08000281   Thumb Code     0  startup_stm32f407xx.o(.text)
    I2C3_ER_IRQHandler                       0x08000281   Thumb Code     0  startup_stm32f407xx.o(.text)
    I2C3_EV_IRQHandler                       0x08000281   Thumb Code     0  startup_stm32f407xx.o(.text)
    OTG_FS_IRQHandler                        0x08000281   Thumb Code     0  startup_stm32f407xx.o(.text)
    OTG_FS_WKUP_IRQHandler                   0x08000281   Thumb Code     0  startup_stm32f407xx.o(.text)
    OTG_HS_EP1_IN_IRQHandler                 0x08000281   Thumb Code     0  startup_stm32f407xx.o(.text)
    OTG_HS_EP1_OUT_IRQHandler                0x08000281   Thumb Code     0  startup_stm32f407xx.o(.text)
    OTG_HS_IRQHandler                        0x08000281   Thumb Code     0  startup_stm32f407xx.o(.text)
    OTG_HS_WKUP_IRQHandler                   0x08000281   Thumb Code     0  startup_stm32f407xx.o(.text)
    PVD_IRQHandler                           0x08000281   Thumb Code     0  startup_stm32f407xx.o(.text)
    RCC_IRQHandler                           0x08000281   Thumb Code     0  startup_stm32f407xx.o(.text)
    RTC_Alarm_IRQHandler                     0x08000281   Thumb Code     0  startup_stm32f407xx.o(.text)
    RTC_WKUP_IRQHandler                      0x08000281   Thumb Code     0  startup_stm32f407xx.o(.text)
    SDIO_IRQHandler                          0x08000281   Thumb Code     0  startup_stm32f407xx.o(.text)
    SPI1_IRQHandler                          0x08000281   Thumb Code     0  startup_stm32f407xx.o(.text)
    SPI2_IRQHandler                          0x08000281   Thumb Code     0  startup_stm32f407xx.o(.text)
    SPI3_IRQHandler                          0x08000281   Thumb Code     0  startup_stm32f407xx.o(.text)
    TAMP_STAMP_IRQHandler                    0x08000281   Thumb Code     0  startup_stm32f407xx.o(.text)
    TIM1_BRK_TIM9_IRQHandler                 0x08000281   Thumb Code     0  startup_stm32f407xx.o(.text)
    TIM1_CC_IRQHandler                       0x08000281   Thumb Code     0  startup_stm32f407xx.o(.text)
    TIM1_TRG_COM_TIM11_IRQHandler            0x08000281   Thumb Code     0  startup_stm32f407xx.o(.text)
    TIM1_UP_TIM10_IRQHandler                 0x08000281   Thumb Code     0  startup_stm32f407xx.o(.text)
    TIM2_IRQHandler                          0x08000281   Thumb Code     0  startup_stm32f407xx.o(.text)
    TIM3_IRQHandler                          0x08000281   Thumb Code     0  startup_stm32f407xx.o(.text)
    TIM4_IRQHandler                          0x08000281   Thumb Code     0  startup_stm32f407xx.o(.text)
    TIM5_IRQHandler                          0x08000281   Thumb Code     0  startup_stm32f407xx.o(.text)
    TIM6_DAC_IRQHandler                      0x08000281   Thumb Code     0  startup_stm32f407xx.o(.text)
    TIM7_IRQHandler                          0x08000281   Thumb Code     0  startup_stm32f407xx.o(.text)
    TIM8_BRK_TIM12_IRQHandler                0x08000281   Thumb Code     0  startup_stm32f407xx.o(.text)
    TIM8_CC_IRQHandler                       0x08000281   Thumb Code     0  startup_stm32f407xx.o(.text)
    TIM8_TRG_COM_TIM14_IRQHandler            0x08000281   Thumb Code     0  startup_stm32f407xx.o(.text)
    TIM8_UP_TIM13_IRQHandler                 0x08000281   Thumb Code     0  startup_stm32f407xx.o(.text)
    UART4_IRQHandler                         0x08000281   Thumb Code     0  startup_stm32f407xx.o(.text)
    UART5_IRQHandler                         0x08000281   Thumb Code     0  startup_stm32f407xx.o(.text)
    USART2_IRQHandler                        0x08000281   Thumb Code     0  startup_stm32f407xx.o(.text)
    USART3_IRQHandler                        0x08000281   Thumb Code     0  startup_stm32f407xx.o(.text)
    USART6_IRQHandler                        0x08000281   Thumb Code     0  startup_stm32f407xx.o(.text)
    WWDG_IRQHandler                          0x08000281   Thumb Code     0  startup_stm32f407xx.o(.text)
    __user_initial_stackheap                 0x08000285   Thumb Code     0  startup_stm32f407xx.o(.text)
    __use_no_semihosting                     0x080002a9   Thumb Code     2  use_no_semi_2.o(.text)
    __aeabi_uldivmod                         0x080002ab   Thumb Code     0  lludivv7m.o(.text)
    _ll_udiv                                 0x080002ab   Thumb Code   240  lludivv7m.o(.text)
    __2printf                                0x0800039d   Thumb Code    20  noretval__2printf.o(.text)
    __printf                                 0x080003b5   Thumb Code   104  __printf.o(.text)
    _printf_int_hex                          0x0800041d   Thumb Code    84  _printf_hex_int.o(.text)
    _printf_longlong_hex                     0x0800041d   Thumb Code     0  _printf_hex_int.o(.text)
    __use_two_region_memory                  0x08000475   Thumb Code     2  heapauxi.o(.text)
    __rt_heap_escrow$2region                 0x08000477   Thumb Code     2  heapauxi.o(.text)
    __rt_heap_expand$2region                 0x08000479   Thumb Code     2  heapauxi.o(.text)
    __semihosting$guard                      0x0800047b   Thumb Code     0  use_no_semi.o(.text)
    __use_no_semihosting_swi                 0x0800047b   Thumb Code     2  use_no_semi.o(.text)
    _printf_int_common                       0x0800047d   Thumb Code   178  _printf_intcommon.o(.text)
    _printf_char_file                        0x08000531   Thumb Code    32  _printf_char_file.o(.text)
    _printf_char_common                      0x0800055f   Thumb Code    32  _printf_char_common.o(.text)
    ferror                                   0x08000585   Thumb Code     8  ferror.o(.text)
    __user_setup_stackheap                   0x0800058d   Thumb Code    74  sys_stackheap_outer.o(.text)
    exit                                     0x080005d7   Thumb Code    18  exit.o(.text)
    __user_libspace                          0x080005e9   Thumb Code     8  libspace.o(.text)
    __user_perproc_libspace                  0x080005e9   Thumb Code     0  libspace.o(.text)
    __user_perthread_libspace                0x080005e9   Thumb Code     0  libspace.o(.text)
    BusFault_Handler                         0x080005f1   Thumb Code     2  stm32f4xx_it.o(.text.BusFault_Handler)
    DebugMon_Handler                         0x080005f5   Thumb Code     2  stm32f4xx_it.o(.text.DebugMon_Handler)
    FSMC_NORSRAM_Extended_Timing_Init        0x080005f9   Thumb Code    70  stm32f4xx_ll_fsmc.o(.text.FSMC_NORSRAM_Extended_Timing_Init)
    FSMC_NORSRAM_Init                        0x08000641   Thumb Code    94  stm32f4xx_ll_fsmc.o(.text.FSMC_NORSRAM_Init)
    FSMC_NORSRAM_Timing_Init                 0x080006a1   Thumb Code    68  stm32f4xx_ll_fsmc.o(.text.FSMC_NORSRAM_Timing_Init)
    HAL_DMA_Abort                            0x080006e5   Thumb Code   138  stm32f4xx_hal_dma.o(.text.HAL_DMA_Abort)
    HAL_DMA_Abort_IT                         0x08000771   Thumb Code    36  stm32f4xx_hal_dma.o(.text.HAL_DMA_Abort_IT)
    HAL_GPIO_Init                            0x08000795   Thumb Code   414  stm32f4xx_hal_gpio.o(.text.HAL_GPIO_Init)
    HAL_GPIO_TogglePin                       0x08000935   Thumb Code    16  stm32f4xx_hal_gpio.o(.text.HAL_GPIO_TogglePin)
    HAL_GPIO_WritePin                        0x08000945   Thumb Code    10  stm32f4xx_hal_gpio.o(.text.HAL_GPIO_WritePin)
    HAL_GetREVID                             0x08000951   Thumb Code    14  stm32f4xx_hal.o(.text.HAL_GetREVID)
    HAL_GetTick                              0x08000961   Thumb Code    12  stm32f4xx_hal.o(.text.HAL_GetTick)
    HAL_IncTick                              0x0800096d   Thumb Code    26  stm32f4xx_hal.o(.text.HAL_IncTick)
    HAL_Init                                 0x08000989   Thumb Code    46  stm32f4xx_hal.o(.text.HAL_Init)
    HAL_InitTick                             0x080009b9   Thumb Code    80  stm32f4xx_hal.o(.text.HAL_InitTick)
    HAL_MspInit                              0x08000a09   Thumb Code     2  stm32f4xx_hal.o(.text.HAL_MspInit)
    HAL_NVIC_EnableIRQ                       0x08000a0d   Thumb Code    34  stm32f4xx_hal_cortex.o(.text.HAL_NVIC_EnableIRQ)
    HAL_NVIC_SetPriority                     0x08000a31   Thumb Code    86  stm32f4xx_hal_cortex.o(.text.HAL_NVIC_SetPriority)
    HAL_NVIC_SetPriorityGrouping             0x08000a89   Thumb Code    32  stm32f4xx_hal_cortex.o(.text.HAL_NVIC_SetPriorityGrouping)
    HAL_RCC_ClockConfig                      0x08000aa9   Thumb Code   352  stm32f4xx_hal_rcc.o(.text.HAL_RCC_ClockConfig)
    HAL_RCC_GetPCLK1Freq                     0x08000c09   Thumb Code    38  stm32f4xx_hal_rcc.o(.text.HAL_RCC_GetPCLK1Freq)
    HAL_RCC_GetPCLK2Freq                     0x08000c31   Thumb Code    38  stm32f4xx_hal_rcc.o(.text.HAL_RCC_GetPCLK2Freq)
    HAL_RCC_GetSysClockFreq                  0x08000c59   Thumb Code   106  stm32f4xx_hal_rcc.o(.text.HAL_RCC_GetSysClockFreq)
    HAL_RCC_OscConfig                        0x08000cc5   Thumb Code   884  stm32f4xx_hal_rcc.o(.text.HAL_RCC_OscConfig)
    HAL_SRAM_Init                            0x08001039   Thumb Code    86  stm32f4xx_hal_sram.o(.text.HAL_SRAM_Init)
    HAL_SRAM_MspInit                         0x08001091   Thumb Code   132  lcd.o(.text.HAL_SRAM_MspInit)
    HAL_SYSTICK_Config                       0x08001115   Thumb Code    44  stm32f4xx_hal_cortex.o(.text.HAL_SYSTICK_Config)
    HAL_UARTEx_RxEventCallback               0x08001141   Thumb Code     2  stm32f4xx_hal_uart.o(.text.HAL_UARTEx_RxEventCallback)
    HAL_UART_ErrorCallback                   0x08001145   Thumb Code     2  stm32f4xx_hal_uart.o(.text.HAL_UART_ErrorCallback)
    HAL_UART_IRQHandler                      0x08001149   Thumb Code   612  stm32f4xx_hal_uart.o(.text.HAL_UART_IRQHandler)
    HAL_UART_Init                            0x080013ad   Thumb Code    94  stm32f4xx_hal_uart.o(.text.HAL_UART_Init)
    HAL_UART_MspInit                         0x0800140d   Thumb Code   160  usart.o(.text.HAL_UART_MspInit)
    HAL_UART_Receive_IT                      0x080014ad   Thumb Code    86  stm32f4xx_hal_uart.o(.text.HAL_UART_Receive_IT)
    HAL_UART_RxCpltCallback                  0x08001505   Thumb Code   192  usart.o(.text.HAL_UART_RxCpltCallback)
    HAL_UART_TxCpltCallback                  0x080015c5   Thumb Code     2  stm32f4xx_hal_uart.o(.text.HAL_UART_TxCpltCallback)
    HardFault_Handler                        0x080015c9   Thumb Code     2  stm32f4xx_it.o(.text.HardFault_Handler)
    MemManage_Handler                        0x080015cd   Thumb Code     2  stm32f4xx_it.o(.text.MemManage_Handler)
    NMI_Handler                              0x080015d1   Thumb Code     2  stm32f4xx_it.o(.text.NMI_Handler)
    PendSV_Handler                           0x080015d5   Thumb Code     2  stm32f4xx_it.o(.text.PendSV_Handler)
    SVC_Handler                              0x080015d9   Thumb Code     2  stm32f4xx_it.o(.text.SVC_Handler)
    SysTick_Handler                          0x080015dd   Thumb Code     4  stm32f4xx_it.o(.text.SysTick_Handler)
    SystemInit                               0x080015e1   Thumb Code    18  system_stm32f4xx.o(.text.SystemInit)
    USART1_IRQHandler                        0x08001789   Thumb Code    12  usart.o(.text.USART1_IRQHandler)
    UsageFault_Handler                       0x08001795   Thumb Code     2  stm32f4xx_it.o(.text.UsageFault_Handler)
    _sys_exit                                0x08001799   Thumb Code     2  usart.o(.text._sys_exit)
    delay_init                               0x0800179d   Thumb Code    12  delay.o(.text.delay_init)
    delay_ms                                 0x080017a9   Thumb Code    86  delay.o(.text.delay_ms)
    delay_us                                 0x08001801   Thumb Code    78  delay.o(.text.delay_us)
    fputc                                    0x08001851   Thumb Code    40  usart.o(.text.fputc)
    lcd_clear                                0x08001879   Thumb Code    88  lcd.o(.text.lcd_clear)
    lcd_ex_ili9341_reginit                   0x080018d1   Thumb Code  1826  lcd.o(.text.lcd_ex_ili9341_reginit)
    lcd_ex_ili9806_reginit                   0x08001ff5   Thumb Code  2672  lcd.o(.text.lcd_ex_ili9806_reginit)
    lcd_ex_nt35310_reginit                   0x08002a65   Thumb Code 12066  lcd.o(.text.lcd_ex_nt35310_reginit)
    lcd_ex_nt35510_reginit                   0x08005989   Thumb Code  3650  lcd.o(.text.lcd_ex_nt35510_reginit)
    lcd_ex_ssd1963_reginit                   0x080067cd   Thumb Code  1130  lcd.o(.text.lcd_ex_ssd1963_reginit)
    lcd_ex_st7789_reginit                    0x08006c39   Thumb Code  1404  lcd.o(.text.lcd_ex_st7789_reginit)
    lcd_ex_st7796_reginit                    0x080071b5   Thumb Code  1498  lcd.o(.text.lcd_ex_st7796_reginit)
    lcd_init                                 0x08007791   Thumb Code  1544  lcd.o(.text.lcd_init)
    lcd_scan_dir                             0x08007da5   Thumb Code   744  lcd.o(.text.lcd_scan_dir)
    lcd_set_cursor                           0x0800809d   Thumb Code   626  lcd.o(.text.lcd_set_cursor)
    lcd_show_char                            0x08008311   Thumb Code   304  lcd.o(.text.lcd_show_char)
    lcd_show_num                             0x08008441   Thumb Code   276  lcd.o(.text.lcd_show_num)
    led_init                                 0x08008555   Thumb Code   130  led.o(.text.led_init)
    main                                     0x080085d9   Thumb Code   216  main.o(.text.main)
    sys_stm32_clock_init                     0x080086c9   Thumb Code   190  sys.o(.text.sys_stm32_clock_init)
    usart_init                               0x08008789   Thumb Code    62  usart.o(.text.usart_init)
    _fp_init                                 0x080087c7   Thumb Code    26  fpinit.o(x$fpl$fpinit)
    __fplib_config_fpu_vfp                   0x080087df   Thumb Code     0  fpinit.o(x$fpl$fpinit)
    __fplib_config_pureend_doubles           0x080087df   Thumb Code     0  fpinit.o(x$fpl$fpinit)
    AHBPrescTable                            0x08008816   Data          16  system_stm32f4xx.o(.rodata.AHBPrescTable)
    APBPrescTable                            0x08008826   Data           8  system_stm32f4xx.o(.rodata.APBPrescTable)
    asc2_1206                                0x0800882e   Data        1140  lcd.o(.rodata.asc2_1206)
    asc2_1608                                0x08008ca2   Data        1520  lcd.o(.rodata.asc2_1608)
    asc2_2412                                0x08009292   Data        3420  lcd.o(.rodata.asc2_2412)
    asc2_3216                                0x08009fee   Data        6080  lcd.o(.rodata.asc2_3216)
    Region$$Table$$Base                      0x0800b7b0   Number         0  anon$$obj.o(Region$$Table)
    Region$$Table$$Limit                     0x0800b7d0   Number         0  anon$$obj.o(Region$$Table)
    __ARM_use_no_argv                        0x20000000   Data           4  main.o(.ARM.use_no_argv)
    SystemCoreClock                          0x20000004   Data           4  system_stm32f4xx.o(.data.SystemCoreClock)
    g_back_color                             0x20000008   Data           4  lcd.o(.data.g_back_color)
    uwTickFreq                               0x2000000c   Data           1  stm32f4xx_hal.o(.data.uwTickFreq)
    uwTickPrio                               0x20000010   Data           4  stm32f4xx_hal.o(.data.uwTickPrio)
    __libspace_start                         0x20000018   Data          96  libspace.o(.bss)
    __temporary_stack_top$libspace           0x20000078   Data           0  libspace.o(.bss)
    __stdout                                 0x2000007c   Data          84  usart.o(.bss.__stdout)
    g_rx_buffer                              0x200000d4   Data           1  usart.o(.bss.g_rx_buffer)
    g_sram_handle                            0x200000d8   Data          80  lcd.o(.bss.g_sram_handle)
    g_uart1_handle                           0x20000128   Data          68  usart.o(.bss.g_uart1_handle)
    lcddev                                   0x2000016c   Data          14  lcd.o(.bss.lcddev)
    uart_data                                0x2000017a   Data           8  usart.o(.bss.uart_data)
    uwTick                                   0x20000184   Data           4  stm32f4xx_hal.o(.bss.uwTick)



==============================================================================

Memory Map of the image

  Image Entry point : 0x08000189

  Load Region LR_IROM1 (Base: 0x08000000, Size: 0x0000b7e8, Max: 0x00100000, ABSOLUTE)

    Execution Region ER_IROM1 (Exec base: 0x08000000, Load base: 0x08000000, Size: 0x0000b7d0, Max: 0x00100000, ABSOLUTE)

    Exec Addr    Load Addr    Size         Type   Attr      Idx    E Section Name        Object

    0x08000000   0x08000000   0x00000188   Data   RO            3    RESET               startup_stm32f407xx.o
    0x08000188   0x08000188   0x00000008   Code   RO          875  * !!!main             c_w.l(__main.o)
    0x08000190   0x08000190   0x0000005c   Code   RO         1067    !!!scatter          c_w.l(__scatter.o)
    0x080001ec   0x080001ec   0x0000001a   Code   RO         1071    !!handler_copy      c_w.l(__scatter_copy.o)
    0x08000206   0x08000206   0x00000002   PAD
    0x08000208   0x08000208   0x00000002   Code   RO         1068    !!handler_null      c_w.l(__scatter.o)
    0x0800020a   0x0800020a   0x00000002   PAD
    0x0800020c   0x0800020c   0x0000001c   Code   RO         1073    !!handler_zi        c_w.l(__scatter_zi.o)
    0x08000228   0x08000228   0x00000000   Code   RO          872    .ARM.Collect$$_printf_percent$$00000000  c_w.l(_printf_percent.o)
    0x08000228   0x08000228   0x00000006   Code   RO          871    .ARM.Collect$$_printf_percent$$0000000C  c_w.l(_printf_x.o)
    0x0800022e   0x0800022e   0x00000004   Code   RO          900    .ARM.Collect$$_printf_percent$$00000017  c_w.l(_printf_percent_end.o)
    0x08000232   0x08000232   0x00000002   Code   RO          944    .ARM.Collect$$libinit$$00000000  c_w.l(libinit.o)
    0x08000234   0x08000234   0x00000004   Code   RO          956    .ARM.Collect$$libinit$$00000001  c_w.l(libinit2.o)
    0x08000238   0x08000238   0x00000000   Code   RO          959    .ARM.Collect$$libinit$$00000004  c_w.l(libinit2.o)
    0x08000238   0x08000238   0x00000000   Code   RO          961    .ARM.Collect$$libinit$$00000006  c_w.l(libinit2.o)
    0x08000238   0x08000238   0x00000000   Code   RO          964    .ARM.Collect$$libinit$$0000000C  c_w.l(libinit2.o)
    0x08000238   0x08000238   0x00000000   Code   RO          966    .ARM.Collect$$libinit$$0000000E  c_w.l(libinit2.o)
    0x08000238   0x08000238   0x00000000   Code   RO          968    .ARM.Collect$$libinit$$00000010  c_w.l(libinit2.o)
    0x08000238   0x08000238   0x00000000   Code   RO          971    .ARM.Collect$$libinit$$00000013  c_w.l(libinit2.o)
    0x08000238   0x08000238   0x00000000   Code   RO          973    .ARM.Collect$$libinit$$00000015  c_w.l(libinit2.o)
    0x08000238   0x08000238   0x00000000   Code   RO          975    .ARM.Collect$$libinit$$00000017  c_w.l(libinit2.o)
    0x08000238   0x08000238   0x00000000   Code   RO          977    .ARM.Collect$$libinit$$00000019  c_w.l(libinit2.o)
    0x08000238   0x08000238   0x00000000   Code   RO          979    .ARM.Collect$$libinit$$0000001B  c_w.l(libinit2.o)
    0x08000238   0x08000238   0x00000000   Code   RO          981    .ARM.Collect$$libinit$$0000001D  c_w.l(libinit2.o)
    0x08000238   0x08000238   0x00000000   Code   RO          983    .ARM.Collect$$libinit$$0000001F  c_w.l(libinit2.o)
    0x08000238   0x08000238   0x00000000   Code   RO          985    .ARM.Collect$$libinit$$00000021  c_w.l(libinit2.o)
    0x08000238   0x08000238   0x00000000   Code   RO          987    .ARM.Collect$$libinit$$00000023  c_w.l(libinit2.o)
    0x08000238   0x08000238   0x00000000   Code   RO          989    .ARM.Collect$$libinit$$00000025  c_w.l(libinit2.o)
    0x08000238   0x08000238   0x00000000   Code   RO          991    .ARM.Collect$$libinit$$00000027  c_w.l(libinit2.o)
    0x08000238   0x08000238   0x00000000   Code   RO          995    .ARM.Collect$$libinit$$0000002E  c_w.l(libinit2.o)
    0x08000238   0x08000238   0x00000000   Code   RO          997    .ARM.Collect$$libinit$$00000030  c_w.l(libinit2.o)
    0x08000238   0x08000238   0x00000000   Code   RO          999    .ARM.Collect$$libinit$$00000032  c_w.l(libinit2.o)
    0x08000238   0x08000238   0x00000000   Code   RO         1001    .ARM.Collect$$libinit$$00000034  c_w.l(libinit2.o)
    0x08000238   0x08000238   0x00000002   Code   RO         1002    .ARM.Collect$$libinit$$00000035  c_w.l(libinit2.o)
    0x0800023a   0x0800023a   0x00000002   Code   RO         1026    .ARM.Collect$$libshutdown$$00000000  c_w.l(libshutdown.o)
    0x0800023c   0x0800023c   0x00000000   Code   RO         1050    .ARM.Collect$$libshutdown$$00000002  c_w.l(libshutdown2.o)
    0x0800023c   0x0800023c   0x00000000   Code   RO         1052    .ARM.Collect$$libshutdown$$00000004  c_w.l(libshutdown2.o)
    0x0800023c   0x0800023c   0x00000000   Code   RO         1055    .ARM.Collect$$libshutdown$$00000007  c_w.l(libshutdown2.o)
    0x0800023c   0x0800023c   0x00000000   Code   RO         1058    .ARM.Collect$$libshutdown$$0000000A  c_w.l(libshutdown2.o)
    0x0800023c   0x0800023c   0x00000000   Code   RO         1060    .ARM.Collect$$libshutdown$$0000000C  c_w.l(libshutdown2.o)
    0x0800023c   0x0800023c   0x00000000   Code   RO         1063    .ARM.Collect$$libshutdown$$0000000F  c_w.l(libshutdown2.o)
    0x0800023c   0x0800023c   0x00000002   Code   RO         1064    .ARM.Collect$$libshutdown$$00000010  c_w.l(libshutdown2.o)
    0x0800023e   0x0800023e   0x00000000   Code   RO          891    .ARM.Collect$$rtentry$$00000000  c_w.l(__rtentry.o)
    0x0800023e   0x0800023e   0x00000000   Code   RO          907    .ARM.Collect$$rtentry$$00000002  c_w.l(__rtentry2.o)
    0x0800023e   0x0800023e   0x00000006   Code   RO          919    .ARM.Collect$$rtentry$$00000004  c_w.l(__rtentry4.o)
    0x08000244   0x08000244   0x00000000   Code   RO          909    .ARM.Collect$$rtentry$$00000009  c_w.l(__rtentry2.o)
    0x08000244   0x08000244   0x00000004   Code   RO          910    .ARM.Collect$$rtentry$$0000000A  c_w.l(__rtentry2.o)
    0x08000248   0x08000248   0x00000000   Code   RO          912    .ARM.Collect$$rtentry$$0000000C  c_w.l(__rtentry2.o)
    0x08000248   0x08000248   0x00000008   Code   RO          913    .ARM.Collect$$rtentry$$0000000D  c_w.l(__rtentry2.o)
    0x08000250   0x08000250   0x00000002   Code   RO          948    .ARM.Collect$$rtexit$$00000000  c_w.l(rtexit.o)
    0x08000252   0x08000252   0x00000000   Code   RO         1004    .ARM.Collect$$rtexit$$00000002  c_w.l(rtexit2.o)
    0x08000252   0x08000252   0x00000004   Code   RO         1005    .ARM.Collect$$rtexit$$00000003  c_w.l(rtexit2.o)
    0x08000256   0x08000256   0x00000006   Code   RO         1006    .ARM.Collect$$rtexit$$00000004  c_w.l(rtexit2.o)
    0x0800025c   0x0800025c   0x0000004c   Code   RO            4    .text               startup_stm32f407xx.o
    0x080002a8   0x080002a8   0x00000002   Code   RO          820    .text               c_w.l(use_no_semi_2.o)
    0x080002aa   0x080002aa   0x000000f0   Code   RO          822    .text               c_w.l(lludivv7m.o)
    0x0800039a   0x0800039a   0x00000002   PAD
    0x0800039c   0x0800039c   0x00000018   Code   RO          826    .text               c_w.l(noretval__2printf.o)
    0x080003b4   0x080003b4   0x00000068   Code   RO          828    .text               c_w.l(__printf.o)
    0x0800041c   0x0800041c   0x00000058   Code   RO          833    .text               c_w.l(_printf_hex_int.o)
    0x08000474   0x08000474   0x00000006   Code   RO          873    .text               c_w.l(heapauxi.o)
    0x0800047a   0x0800047a   0x00000002   Code   RO          889    .text               c_w.l(use_no_semi.o)
    0x0800047c   0x0800047c   0x000000b2   Code   RO          896    .text               c_w.l(_printf_intcommon.o)
    0x0800052e   0x0800052e   0x00000002   PAD
    0x08000530   0x08000530   0x00000024   Code   RO          898    .text               c_w.l(_printf_char_file.o)
    0x08000554   0x08000554   0x00000030   Code   RO          923    .text               c_w.l(_printf_char_common.o)
    0x08000584   0x08000584   0x00000008   Code   RO          925    .text               c_w.l(ferror.o)
    0x0800058c   0x0800058c   0x0000004a   Code   RO          929    .text               c_w.l(sys_stackheap_outer.o)
    0x080005d6   0x080005d6   0x00000012   Code   RO          933    .text               c_w.l(exit.o)
    0x080005e8   0x080005e8   0x00000008   Code   RO          945    .text               c_w.l(libspace.o)
    0x080005f0   0x080005f0   0x00000002   Code   RO           27    .text.BusFault_Handler  stm32f4xx_it.o
    0x080005f2   0x080005f2   0x00000002   PAD
    0x080005f4   0x080005f4   0x00000002   Code   RO           33    .text.DebugMon_Handler  stm32f4xx_it.o
    0x080005f6   0x080005f6   0x00000002   PAD
    0x080005f8   0x080005f8   0x00000046   Code   RO          687    .text.FSMC_NORSRAM_Extended_Timing_Init  stm32f4xx_ll_fsmc.o
    0x0800063e   0x0800063e   0x00000002   PAD
    0x08000640   0x08000640   0x0000005e   Code   RO          681    .text.FSMC_NORSRAM_Init  stm32f4xx_ll_fsmc.o
    0x0800069e   0x0800069e   0x00000002   PAD
    0x080006a0   0x080006a0   0x00000044   Code   RO          685    .text.FSMC_NORSRAM_Timing_Init  stm32f4xx_ll_fsmc.o
    0x080006e4   0x080006e4   0x0000008a   Code   RO          254    .text.HAL_DMA_Abort  stm32f4xx_hal_dma.o
    0x0800076e   0x0800076e   0x00000002   PAD
    0x08000770   0x08000770   0x00000024   Code   RO          256    .text.HAL_DMA_Abort_IT  stm32f4xx_hal_dma.o
    0x08000794   0x08000794   0x0000019e   Code   RO          279    .text.HAL_GPIO_Init  stm32f4xx_hal_gpio.o
    0x08000932   0x08000932   0x00000002   PAD
    0x08000934   0x08000934   0x00000010   Code   RO          287    .text.HAL_GPIO_TogglePin  stm32f4xx_hal_gpio.o
    0x08000944   0x08000944   0x0000000a   Code   RO          285    .text.HAL_GPIO_WritePin  stm32f4xx_hal_gpio.o
    0x0800094e   0x0800094e   0x00000002   PAD
    0x08000950   0x08000950   0x0000000e   Code   RO          163    .text.HAL_GetREVID  stm32f4xx_hal.o
    0x0800095e   0x0800095e   0x00000002   PAD
    0x08000960   0x08000960   0x0000000c   Code   RO          147    .text.HAL_GetTick   stm32f4xx_hal.o
    0x0800096c   0x0800096c   0x0000001a   Code   RO          145    .text.HAL_IncTick   stm32f4xx_hal.o
    0x08000986   0x08000986   0x00000002   PAD
    0x08000988   0x08000988   0x0000002e   Code   RO          135    .text.HAL_Init      stm32f4xx_hal.o
    0x080009b6   0x080009b6   0x00000002   PAD
    0x080009b8   0x080009b8   0x00000050   Code   RO          137    .text.HAL_InitTick  stm32f4xx_hal.o
    0x08000a08   0x08000a08   0x00000002   Code   RO          139    .text.HAL_MspInit   stm32f4xx_hal.o
    0x08000a0a   0x08000a0a   0x00000002   PAD
    0x08000a0c   0x08000a0c   0x00000022   Code   RO          204    .text.HAL_NVIC_EnableIRQ  stm32f4xx_hal_cortex.o
    0x08000a2e   0x08000a2e   0x00000002   PAD
    0x08000a30   0x08000a30   0x00000056   Code   RO          202    .text.HAL_NVIC_SetPriority  stm32f4xx_hal_cortex.o
    0x08000a86   0x08000a86   0x00000002   PAD
    0x08000a88   0x08000a88   0x00000020   Code   RO          200    .text.HAL_NVIC_SetPriorityGrouping  stm32f4xx_hal_cortex.o
    0x08000aa8   0x08000aa8   0x00000160   Code   RO          307    .text.HAL_RCC_ClockConfig  stm32f4xx_hal_rcc.o
    0x08000c08   0x08000c08   0x00000026   Code   RO          319    .text.HAL_RCC_GetPCLK1Freq  stm32f4xx_hal_rcc.o
    0x08000c2e   0x08000c2e   0x00000002   PAD
    0x08000c30   0x08000c30   0x00000026   Code   RO          321    .text.HAL_RCC_GetPCLK2Freq  stm32f4xx_hal_rcc.o
    0x08000c56   0x08000c56   0x00000002   PAD
    0x08000c58   0x08000c58   0x0000006a   Code   RO          309    .text.HAL_RCC_GetSysClockFreq  stm32f4xx_hal_rcc.o
    0x08000cc2   0x08000cc2   0x00000002   PAD
    0x08000cc4   0x08000cc4   0x00000374   Code   RO          305    .text.HAL_RCC_OscConfig  stm32f4xx_hal_rcc.o
    0x08001038   0x08001038   0x00000056   Code   RO          639    .text.HAL_SRAM_Init  stm32f4xx_hal_sram.o
    0x0800108e   0x0800108e   0x00000002   PAD
    0x08001090   0x08001090   0x00000084   Code   RO          774    .text.HAL_SRAM_MspInit  lcd.o
    0x08001114   0x08001114   0x0000002c   Code   RO          212    .text.HAL_SYSTICK_Config  stm32f4xx_hal_cortex.o
    0x08001140   0x08001140   0x00000002   Code   RO          589    .text.HAL_UARTEx_RxEventCallback  stm32f4xx_hal_uart.o
    0x08001142   0x08001142   0x00000002   PAD
    0x08001144   0x08001144   0x00000002   Code   RO          587    .text.HAL_UART_ErrorCallback  stm32f4xx_hal_uart.o
    0x08001146   0x08001146   0x00000002   PAD
    0x08001148   0x08001148   0x00000264   Code   RO          581    .text.HAL_UART_IRQHandler  stm32f4xx_hal_uart.o
    0x080013ac   0x080013ac   0x0000005e   Code   RO          505    .text.HAL_UART_Init  stm32f4xx_hal_uart.o
    0x0800140a   0x0800140a   0x00000002   PAD
    0x0800140c   0x0800140c   0x000000a0   Code   RO          114    .text.HAL_UART_MspInit  usart.o
    0x080014ac   0x080014ac   0x00000056   Code   RO          527    .text.HAL_UART_Receive_IT  stm32f4xx_hal_uart.o
    0x08001502   0x08001502   0x00000002   PAD
    0x08001504   0x08001504   0x000000c0   Code   RO          116    .text.HAL_UART_RxCpltCallback  usart.o
    0x080015c4   0x080015c4   0x00000002   Code   RO          591    .text.HAL_UART_TxCpltCallback  stm32f4xx_hal_uart.o
    0x080015c6   0x080015c6   0x00000002   PAD
    0x080015c8   0x080015c8   0x00000002   Code   RO           23    .text.HardFault_Handler  stm32f4xx_it.o
    0x080015ca   0x080015ca   0x00000002   PAD
    0x080015cc   0x080015cc   0x00000002   Code   RO           25    .text.MemManage_Handler  stm32f4xx_it.o
    0x080015ce   0x080015ce   0x00000002   PAD
    0x080015d0   0x080015d0   0x00000002   Code   RO           21    .text.NMI_Handler   stm32f4xx_it.o
    0x080015d2   0x080015d2   0x00000002   PAD
    0x080015d4   0x080015d4   0x00000002   Code   RO           35    .text.PendSV_Handler  stm32f4xx_it.o
    0x080015d6   0x080015d6   0x00000002   PAD
    0x080015d8   0x080015d8   0x00000002   Code   RO           31    .text.SVC_Handler   stm32f4xx_it.o
    0x080015da   0x080015da   0x00000002   PAD
    0x080015dc   0x080015dc   0x00000004   Code   RO           37    .text.SysTick_Handler  stm32f4xx_it.o
    0x080015e0   0x080015e0   0x00000012   Code   RO           46    .text.SystemInit    system_stm32f4xx.o
    0x080015f2   0x080015f2   0x00000002   PAD
    0x080015f4   0x080015f4   0x0000000c   Code   RO          585    .text.UART_DMAAbortOnError  stm32f4xx_hal_uart.o
    0x08001600   0x08001600   0x000000a0   Code   RO          583    .text.UART_Receive_IT  stm32f4xx_hal_uart.o
    0x080016a0   0x080016a0   0x000000e8   Code   RO          509    .text.UART_SetConfig  stm32f4xx_hal_uart.o
    0x08001788   0x08001788   0x0000000c   Code   RO          118    .text.USART1_IRQHandler  usart.o
    0x08001794   0x08001794   0x00000002   Code   RO           29    .text.UsageFault_Handler  stm32f4xx_it.o
    0x08001796   0x08001796   0x00000002   PAD
    0x08001798   0x08001798   0x00000002   Code   RO          106    .text._sys_exit     usart.o
    0x0800179a   0x0800179a   0x00000002   PAD
    0x0800179c   0x0800179c   0x0000000c   Code   RO           61    .text.delay_init    delay.o
    0x080017a8   0x080017a8   0x00000056   Code   RO           65    .text.delay_ms      delay.o
    0x080017fe   0x080017fe   0x00000002   PAD
    0x08001800   0x08001800   0x0000004e   Code   RO           63    .text.delay_us      delay.o
    0x0800184e   0x0800184e   0x00000002   PAD
    0x08001850   0x08001850   0x00000028   Code   RO          110    .text.fputc         usart.o
    0x08001878   0x08001878   0x00000058   Code   RO          778    .text.lcd_clear     lcd.o
    0x080018d0   0x080018d0   0x00000722   Code   RO          740    .text.lcd_ex_ili9341_reginit  lcd.o
    0x08001ff2   0x08001ff2   0x00000002   PAD
    0x08001ff4   0x08001ff4   0x00000a70   Code   RO          750    .text.lcd_ex_ili9806_reginit  lcd.o
    0x08002a64   0x08002a64   0x00002f22   Code   RO          742    .text.lcd_ex_nt35310_reginit  lcd.o
    0x08005986   0x08005986   0x00000002   PAD
    0x08005988   0x08005988   0x00000e42   Code   RO          746    .text.lcd_ex_nt35510_reginit  lcd.o
    0x080067ca   0x080067ca   0x00000002   PAD
    0x080067cc   0x080067cc   0x0000046a   Code   RO          752    .text.lcd_ex_ssd1963_reginit  lcd.o
    0x08006c36   0x08006c36   0x00000002   PAD
    0x08006c38   0x08006c38   0x0000057c   Code   RO          734    .text.lcd_ex_st7789_reginit  lcd.o
    0x080071b4   0x080071b4   0x000005da   Code   RO          744    .text.lcd_ex_st7796_reginit  lcd.o
    0x0800778e   0x0800778e   0x00000002   PAD
    0x08007790   0x08007790   0x00000614   Code   RO          776    .text.lcd_init      lcd.o
    0x08007da4   0x08007da4   0x000002f8   Code   RO          764    .text.lcd_scan_dir  lcd.o
    0x0800809c   0x0800809c   0x00000272   Code   RO          758    .text.lcd_set_cursor  lcd.o
    0x0800830e   0x0800830e   0x00000002   PAD
    0x08008310   0x08008310   0x00000130   Code   RO          794    .text.lcd_show_char  lcd.o
    0x08008440   0x08008440   0x00000114   Code   RO          796    .text.lcd_show_num  lcd.o
    0x08008554   0x08008554   0x00000082   Code   RO          725    .text.led_init      led.o
    0x080085d6   0x080085d6   0x00000002   PAD
    0x080085d8   0x080085d8   0x000000f0   Code   RO           11    .text.main          main.o
    0x080086c8   0x080086c8   0x000000be   Code   RO           94    .text.sys_stm32_clock_init  sys.o
    0x08008786   0x08008786   0x00000002   PAD
    0x08008788   0x08008788   0x0000003e   Code   RO          112    .text.usart_init    usart.o
    0x080087c6   0x080087c6   0x0000001a   Code   RO         1016    x$fpl$fpinit        fz_wm.l(fpinit.o)
    0x080087e0   0x080087e0   0x00000028   Data   RO          834    .constdata          c_w.l(_printf_hex_int.o)
    0x08008808   0x08008808   0x0000000e   Data   RO          810    .rodata..Lswitch.table.lcd_scan_dir.1  lcd.o
    0x08008816   0x08008816   0x00000010   Data   RO           51    .rodata.AHBPrescTable  system_stm32f4xx.o
    0x08008826   0x08008826   0x00000008   Data   RO           52    .rodata.APBPrescTable  system_stm32f4xx.o
    0x0800882e   0x0800882e   0x00000474   Data   RO          802    .rodata.asc2_1206   lcd.o
    0x08008ca2   0x08008ca2   0x000005f0   Data   RO          803    .rodata.asc2_1608   lcd.o
    0x08009292   0x08009292   0x00000d5c   Data   RO          804    .rodata.asc2_2412   lcd.o
    0x08009fee   0x08009fee   0x000017c0   Data   RO          805    .rodata.asc2_3216   lcd.o
    0x0800b7ae   0x0800b7ae   0x00000002   PAD
    0x0800b7b0   0x0800b7b0   0x00000020   Data   RO         1066    Region$$Table       anon$$obj.o


    Execution Region RW_IRAM1 (Exec base: 0x20000000, Load base: 0x0800b7d0, Size: 0x00000588, Max: 0x00020000, ABSOLUTE)

    Exec Addr    Load Addr    Size         Type   Attr      Idx    E Section Name        Object

    0x20000000   0x0800b7d0   0x00000004   Data   RW           13    .ARM.use_no_argv    main.o
    0x20000004   0x0800b7d4   0x00000004   Data   RW           50    .data.SystemCoreClock  system_stm32f4xx.o
    0x20000008   0x0800b7d8   0x00000004   Data   RW          807    .data.g_back_color  lcd.o
    0x2000000c   0x0800b7dc   0x00000001   Data   RW          190    .data.uwTickFreq    stm32f4xx_hal.o
    0x2000000d   0x0800b7dd   0x00000003   PAD
    0x20000010   0x0800b7e0   0x00000004   Data   RW          189    .data.uwTickPrio    stm32f4xx_hal.o
    0x20000014   0x0800b7e4   0x00000004   PAD
    0x20000018        -       0x00000060   Zero   RW          946    .bss                c_w.l(libspace.o)
    0x20000078        -       0x00000001   Zero   RW          123    .bss.HAL_UART_RxCpltCallback.rxstate  usart.o
    0x20000079   0x0800b7e4   0x00000003   PAD
    0x2000007c        -       0x00000054   Zero   RW          125    .bss.__stdout       usart.o
    0x200000d0        -       0x00000004   Zero   RW           69    .bss.g_fac_us       delay.o
    0x200000d4        -       0x00000001   Zero   RW          122    .bss.g_rx_buffer    usart.o
    0x200000d5   0x0800b7e4   0x00000003   PAD
    0x200000d8        -       0x00000050   Zero   RW          809    .bss.g_sram_handle  lcd.o
    0x20000128        -       0x00000044   Zero   RW          121    .bss.g_uart1_handle  usart.o
    0x2000016c        -       0x0000000e   Zero   RW          808    .bss.lcddev         lcd.o
    0x2000017a        -       0x00000008   Zero   RW          124    .bss.uart_data      usart.o
    0x20000182   0x0800b7e4   0x00000002   PAD
    0x20000184        -       0x00000004   Zero   RW          191    .bss.uwTick         stm32f4xx_hal.o
    0x20000188        -       0x00000000   Zero   RW            2    HEAP                startup_stm32f407xx.o
    0x20000188        -       0x00000400   Zero   RW            1    STACK               startup_stm32f407xx.o


==============================================================================

Image component sizes


      Code (inc. data)   RO Data    RW Data    ZI Data      Debug   Object Name

       176          0          0          0          4       2666   delay.o
     27988         34      12174          4         94     119142   lcd.o
       130          0          0          0          0       2144   led.o
       240         24          0          4          0       1413   main.o
        76         28        392          0       1024       1104   startup_stm32f407xx.o
       180          0          0          5          4       7348   stm32f4xx_hal.o
       196          0          0          0          0      10516   stm32f4xx_hal_cortex.o
       174          0          0          0          0      10109   stm32f4xx_hal_dma.o
       440          0          0          0          0       5392   stm32f4xx_hal_gpio.o
      1418          0          0          0          0       7457   stm32f4xx_hal_rcc.o
        86          0          0          0          0      10436   stm32f4xx_hal_sram.o
      1202          0          0          0          0      22625   stm32f4xx_hal_uart.o
        20          0          0          0          0       1163   stm32f4xx_it.o
       232          0          0          0          0       8391   stm32f4xx_ll_fsmc.o
       190          0          0          0          0       4984   sys.o
        18          0         24          4          0       2777   system_stm32f4xx.o
       468          4          0          0        162       8244   usart.o

    ----------------------------------------------------------------------
     33314         90      12624         20       1300     225911   Object Totals
         0          0         32          0          0          0   (incl. Generated)
        80          0          2          3         12          0   (incl. Padding)

    ----------------------------------------------------------------------

      Code (inc. data)   RO Data    RW Data    ZI Data      Debug   Library Member Name

         8          0          0          0          0         68   __main.o
       104          0          0          0          0         84   __printf.o
         0          0          0          0          0          0   __rtentry.o
        12          0          0          0          0          0   __rtentry2.o
         6          0          0          0          0          0   __rtentry4.o
        94          8          0          0          0          0   __scatter.o
        26          0          0          0          0          0   __scatter_copy.o
        28          0          0          0          0          0   __scatter_zi.o
        48          6          0          0          0         96   _printf_char_common.o
        36          4          0          0          0         80   _printf_char_file.o
        88          4         40          0          0         88   _printf_hex_int.o
       178          0          0          0          0         88   _printf_intcommon.o
         0          0          0          0          0          0   _printf_percent.o
         4          0          0          0          0          0   _printf_percent_end.o
         6          0          0          0          0          0   _printf_x.o
        18          0          0          0          0         80   exit.o
         8          0          0          0          0         68   ferror.o
         6          0          0          0          0        152   heapauxi.o
         2          0          0          0          0          0   libinit.o
         6          0          0          0          0          0   libinit2.o
         2          0          0          0          0          0   libshutdown.o
         2          0          0          0          0          0   libshutdown2.o
         8          4          0          0         96         68   libspace.o
       240          0          0          0          0        100   lludivv7m.o
        24          4          0          0          0         84   noretval__2printf.o
         2          0          0          0          0          0   rtexit.o
        10          0          0          0          0          0   rtexit2.o
        74          0          0          0          0         80   sys_stackheap_outer.o
         2          0          0          0          0         68   use_no_semi.o
         2          0          0          0          0         68   use_no_semi_2.o
        26          0          0          0          0        116   fpinit.o

    ----------------------------------------------------------------------
      1078         30         40          0         96       1388   Library Totals
         8          0          0          0          0          0   (incl. Padding)

    ----------------------------------------------------------------------

      Code (inc. data)   RO Data    RW Data    ZI Data      Debug   Library Name

      1044         30         40          0         96       1272   c_w.l
        26          0          0          0          0        116   fz_wm.l

    ----------------------------------------------------------------------
      1078         30         40          0         96       1388   Library Totals

    ----------------------------------------------------------------------

==============================================================================


      Code (inc. data)   RO Data    RW Data    ZI Data      Debug   

     34392        120      12664         20       1396     226495   Grand Totals
     34392        120      12664         20       1396     226495   ELF Image Totals
     34392        120      12664         20          0          0   ROM Totals

==============================================================================

    Total RO  Size (Code + RO Data)                47056 (  45.95kB)
    Total RW  Size (RW Data + ZI Data)              1416 (   1.38kB)
    Total ROM Size (Code + RO Data + RW Data)      47076 (  45.97kB)

==============================================================================

